2026-06-04 10:32:30 - consumer - INFO - 🚀 Consumer started with group: sms-bank-consumer-1780547550
2026-06-04 10:36:06 - consumer - INFO - 🚀 Consumer started with group: sms-bank-consumer-1780547766
2026-06-04 10:46:59 - consumer - INFO - 🚀 Consumer started with group: sms-bank-consumer-1780548419
2026-06-04 10:49:13 - consumer - INFO - 🚀 Consumer started with group: sms-bank-consumer-1780548553
2026-06-04 10:50:48 - consumer - INFO - 🚀 Consumer started with group: sms-bank-consumer-1780548648
2026-06-04 10:52:43 - consumer - INFO - 🚀 Consumer started with group: sms-bank-consumer-1780548763
2026-06-04 11:00:48 - consumer - INFO - 🚀 Consumer started with group: sms-bank-consumer-1780549248
2026-06-04 11:02:06 - consumer - INFO - 🚀 Consumer started with group: sms-bank-consumer-1780549326
2026-06-04 11:06:52 - consumer - INFO - 🚀 Consumer started with group: sms-bank-consumer-1780549612
2026-06-04 11:12:45 - consumer - INFO - 🚀 Consumer started with group: sms-bank-consumer-1780549965
2026-06-04 11:13:18 - consumer - INFO - 🚀 Consumer started with group: sms-bank-consumer-1780549998
2026-06-04 11:16:21 - consumer - INFO - 📦 Processing batch: 1 messages...
2026-06-04 11:16:21 - consumer - INFO - ✅ Batch complete: 1 msgs in 0.15s (7 msg/sec)
2026-06-04 11:16:21 - consumer - INFO - 📊 Success: 1 | Failed: 0
2026-06-04 11:16:21 - consumer - INFO - ⏳ Waiting 2 seconds before next batch...
2026-06-04 11:20:43 - consumer - INFO - 🚀 Consumer started with group: sms-bank-consumer-1780550443
2026-06-04 11:22:08 - consumer - INFO - 🚀 Consumer started with group: sms-bank-consumer-1780550528
2026-06-04 11:27:16 - consumer - INFO - 🚀 Consumer started with group: sms-bank-consumer-1780550836
2026-06-04 11:32:14 - consumer - INFO - 🚀 Consumer started with group: sms-bank-consumer-1780551134
2026-06-04 11:36:45 - consumer - INFO - 🚀 Consumer started with group: sms-bank-consumer-1780551405
2026-06-04 11:39:31 - consumer - INFO - 📦 Processing batch: 1 messages...
2026-06-04 11:39:31 - consumer - INFO - ✅ Batch complete: 1 msgs in 0.35s (3 msg/sec)
2026-06-04 11:39:31 - consumer - INFO - 📊 Success: 1 | Failed: 0
2026-06-04 11:39:31 - consumer - INFO - ⏳ Waiting 2 seconds before next batch...
2026-06-04 11:59:11 - consumer - INFO - 🚀 Consumer started with group: sms-bank-consumer-1780552751
2026-06-04 12:14:52 - consumer - INFO - 🚀 Consumer started with group: sms-bank-consumer-1780553692
2026-06-04 14:18:05 - consumer - INFO - 📦 Processing batch: 1 messages...
2026-06-04 14:18:05 - consumer - INFO - ✅ Batch complete: 1 msgs in 0.27s (4 msg/sec)
2026-06-04 14:18:05 - consumer - INFO - 📊 Success: 1 | Failed: 0
2026-06-04 14:18:05 - consumer - INFO - ⏳ Waiting 2 seconds before next batch...
