2026-06-04 10:32:30 - retry - INFO - 🚀 Retry Service Started - Processing failed messages...
2026-06-04 10:36:06 - retry - INFO - 🚀 Retry Service Started - Processing failed messages...
2026-06-04 10:46:59 - retry - INFO - 🚀 Retry Service Started - Processing failed messages...
2026-06-04 10:47:07 - retry - ERROR - Retry service error: Expecting value: line 1 column 1 (char 0)
Traceback (most recent call last):
  File "/app/retry/retry.py", line 67, in <module>
    data = json.loads(msg.value().decode())
           ^^^^^^^^^^^^^^^^^^^^^^^^^^^^^^^^
  File "/usr/local/lib/python3.11/json/__init__.py", line 346, in loads
    return _default_decoder.decode(s)
           ^^^^^^^^^^^^^^^^^^^^^^^^^^
  File "/usr/local/lib/python3.11/json/decoder.py", line 337, in decode
    obj, end = self.raw_decode(s, idx=_w(s, 0).end())
               ^^^^^^^^^^^^^^^^^^^^^^^^^^^^^^^^^^^^^^
  File "/usr/local/lib/python3.11/json/decoder.py", line 355, in raw_decode
    raise JSONDecodeError("Expecting value", s, err.value) from None
json.decoder.JSONDecodeError: Expecting value: line 1 column 1 (char 0)
2026-06-04 10:49:13 - retry - INFO - 🚀 Retry Service Started - Processing failed messages...
2026-06-04 10:50:48 - retry - INFO - 🚀 Retry Service Started...
2026-06-04 10:52:43 - retry - INFO - 🚀 Retry Service Started...
2026-06-04 11:00:48 - retry - INFO - 🚀 Retry Service Started...
2026-06-04 11:02:06 - retry - INFO - 🚀 Retry Service Started...
2026-06-04 11:06:51 - retry - INFO - 🚀 Retry Service Started...
2026-06-04 11:12:45 - retry - INFO - 🚀 Retry Service Started...
2026-06-04 11:13:18 - retry - INFO - 🚀 Retry Service Started...
2026-06-04 11:20:42 - retry - INFO - 🚀 Retry Service Started...
2026-06-04 11:22:08 - retry - INFO - 🚀 Retry Service Started...
2026-06-04 11:27:16 - retry - INFO - 🚀 Retry Service Started...
2026-06-04 11:32:14 - retry - INFO - 🚀 Retry Service Started...
2026-06-04 11:36:45 - retry - INFO - 🚀 Retry Service Started...
2026-06-04 11:59:10 - retry - INFO - 🚀 Retry Service Started...
2026-06-04 12:14:52 - retry - INFO - 🚀 Retry Service Started...
