2026-06-17 16:23:18 - payment_data_executor - INFO - 🔍 Testing Oracle Database Connection...
2026-06-17 16:23:18 - payment_data_executor - INFO - ✅ Oracle Connection Successful! Server Time: 2026-06-17 16:23:18
2026-06-17 16:23:18 - payment_data_executor - INFO - 📋 Columns in SMS_EMAIL_Q_TABLE: ['ID', 'CREATE_AT', 'UPDATED_AT', 'BANK_ID', 'CLIENT_ID', 'CARD_NO', 'MOBILE', 'STATUS_SMS', 'EMAIL', 'STATUS_EMAIL', 'MSG_TYPE', 'MESSAGE', 'RETRY_COUNT', 'ERROR_MESSAGE', 'CONSUMER_ID']
2026-06-17 16:23:18 - payment_data_executor - INFO - 📋 Columns in PAYMENT_TEST: ['TXN_ID', 'MOBILE', 'AMOUNT', 'BANK_ID', 'MESSAGE', 'STATUS', 'RETRY_COUNT', 'ERROR_MSG', 'CREATED_AT', 'UPDATED_AT', 'EMAIL']
2026-06-17 16:23:18 - payment_data_executor - INFO - Creating Oracle Connection Pool...
2026-06-17 16:23:18 - payment_data_executor - INFO - 🚀 Payment Producer Started - Polling Payment Table every 5 minutes...
2026-06-17 16:23:18 - payment_data_executor - INFO - 📌 Loaded last transaction ID: 0
2026-06-17 16:23:18 - payment_data_executor - INFO - 📊 Poll #0 - Found 3 new payment records
2026-06-17 16:23:18 - payment_data_executor - DEBUG - Processing TXN 1: mobile=01729603778, email=rashid@itcbd.com, amount=5000.0, bank_id=1790
2026-06-17 16:23:18 - payment_data_executor - WARNING - STATUS column not found, trying without STATUS
2026-06-17 16:23:18 - payment_data_executor - DEBUG - ✉️ Inserted SMS/Email for payment TXN 1
2026-06-17 16:23:18 - payment_data_executor - DEBUG - Processing TXN 2: mobile=01729603778, email=rashid@itcbd.com, amount=1000.0, bank_id=1790
2026-06-17 16:23:18 - payment_data_executor - WARNING - STATUS column not found, trying without STATUS
2026-06-17 16:23:18 - payment_data_executor - DEBUG - ✉️ Inserted SMS/Email for payment TXN 2
2026-06-17 16:23:18 - payment_data_executor - DEBUG - Processing TXN 3: mobile=01710525213, email=rashid@itcbd.com, amount=100000000000.0, bank_id=1790
2026-06-17 16:23:18 - payment_data_executor - WARNING - STATUS column not found, trying without STATUS
2026-06-17 16:23:18 - payment_data_executor - DEBUG - ✉️ Inserted SMS/Email for payment TXN 3
2026-06-17 16:23:18 - payment_data_executor - INFO - ✅ Inserted 3 SMS/Email records | Total inserted: 3
2026-06-17 16:23:18 - payment_data_executor - INFO - 💾 Saved last transaction ID: 3
2026-06-17 16:23:18 - payment_data_executor - INFO - ⏳ Next poll in 5 minutes...
2026-06-17 16:28:18 - payment_data_executor - DEBUG - No new payment records found
2026-06-17 16:33:18 - payment_data_executor - INFO - 📊 Poll #1 - Found 1 new payment records
2026-06-17 16:33:18 - payment_data_executor - DEBUG - Processing TXN 4: mobile=01729603778, email=None, amount=5000.0, bank_id=1790
2026-06-17 16:33:18 - payment_data_executor - WARNING - STATUS column not found, trying without STATUS
2026-06-17 16:33:18 - payment_data_executor - DEBUG - ✉️ Inserted SMS/Email for payment TXN 4
2026-06-17 16:33:18 - payment_data_executor - INFO - ✅ Inserted 1 SMS/Email records | Total inserted: 4
2026-06-17 16:33:18 - payment_data_executor - INFO - 💾 Saved last transaction ID: 4
2026-06-17 16:33:18 - payment_data_executor - INFO - ⏳ Next poll in 5 minutes...
2026-06-17 16:38:18 - payment_data_executor - DEBUG - No new payment records found
2026-06-17 16:39:52 - payment_data_executor - INFO - 🔍 Testing Oracle Database Connection...
2026-06-17 16:39:52 - payment_data_executor - INFO - ✅ Oracle Connection Successful! Server Time: 2026-06-17 16:39:53
2026-06-17 16:39:52 - payment_data_executor - INFO - 📋 Columns in SMS_EMAIL_Q_TABLE: ['ID', 'CREATE_AT', 'UPDATED_AT', 'BANK_ID', 'CLIENT_ID', 'CARD_NO', 'MOBILE', 'STATUS_SMS', 'EMAIL', 'STATUS_EMAIL', 'MSG_TYPE', 'MESSAGE', 'RETRY_COUNT', 'ERROR_MESSAGE', 'CONSUMER_ID']
2026-06-17 16:39:52 - payment_data_executor - INFO - 📋 Columns in PAYMENT_TEST: ['TXN_ID', 'MOBILE', 'AMOUNT', 'BANK_ID', 'MESSAGE', 'STATUS', 'RETRY_COUNT', 'ERROR_MSG', 'CREATED_AT', 'UPDATED_AT', 'EMAIL']
2026-06-17 16:39:52 - payment_data_executor - INFO - Creating Oracle Connection Pool...
2026-06-17 16:39:52 - payment_data_executor - INFO - 🚀 Payment Producer Started - Polling Payment Table every 5 minutes...
2026-06-17 16:39:52 - payment_data_executor - INFO - 📌 Loaded last transaction ID: 4
2026-06-17 16:39:52 - payment_data_executor - DEBUG - No new payment records found
2026-06-17 16:44:52 - payment_data_executor - DEBUG - No new payment records found
2026-06-17 16:49:52 - payment_data_executor - DEBUG - No new payment records found
2026-06-17 16:54:52 - payment_data_executor - DEBUG - No new payment records found
2026-06-17 16:59:52 - payment_data_executor - DEBUG - No new payment records found
2026-06-17 17:04:52 - payment_data_executor - DEBUG - No new payment records found
2026-06-17 17:09:52 - payment_data_executor - DEBUG - No new payment records found
2026-06-17 17:14:52 - payment_data_executor - DEBUG - No new payment records found
2026-06-17 17:19:52 - payment_data_executor - DEBUG - No new payment records found
2026-06-17 17:24:52 - payment_data_executor - DEBUG - No new payment records found
2026-06-17 17:29:52 - payment_data_executor - DEBUG - No new payment records found
2026-06-17 17:34:52 - payment_data_executor - DEBUG - No new payment records found
2026-06-17 17:39:52 - payment_data_executor - DEBUG - No new payment records found
2026-06-17 17:44:52 - payment_data_executor - DEBUG - No new payment records found
2026-06-17 17:49:52 - payment_data_executor - DEBUG - No new payment records found
2026-06-17 17:54:52 - payment_data_executor - DEBUG - No new payment records found
2026-06-17 17:59:52 - payment_data_executor - DEBUG - No new payment records found
2026-06-17 18:04:52 - payment_data_executor - DEBUG - No new payment records found
2026-06-17 18:09:52 - payment_data_executor - DEBUG - No new payment records found
2026-06-17 18:14:52 - payment_data_executor - DEBUG - No new payment records found
2026-06-17 18:19:52 - payment_data_executor - DEBUG - No new payment records found
2026-06-17 18:24:52 - payment_data_executor - DEBUG - No new payment records found
2026-06-17 18:29:52 - payment_data_executor - DEBUG - No new payment records found
2026-06-17 18:34:52 - payment_data_executor - DEBUG - No new payment records found
2026-06-17 18:39:51 - payment_data_executor - DEBUG - No new payment records found
2026-06-17 18:44:51 - payment_data_executor - DEBUG - No new payment records found
2026-06-17 18:49:51 - payment_data_executor - DEBUG - No new payment records found
2026-06-17 18:54:51 - payment_data_executor - DEBUG - No new payment records found
2026-06-17 18:59:51 - payment_data_executor - DEBUG - No new payment records found
2026-06-17 19:04:51 - payment_data_executor - DEBUG - No new payment records found
2026-06-17 19:09:51 - payment_data_executor - DEBUG - No new payment records found
2026-06-17 19:14:51 - payment_data_executor - DEBUG - No new payment records found
2026-06-17 19:19:51 - payment_data_executor - DEBUG - No new payment records found
2026-06-17 19:24:51 - payment_data_executor - DEBUG - No new payment records found
2026-06-17 19:29:51 - payment_data_executor - DEBUG - No new payment records found
2026-06-17 19:34:51 - payment_data_executor - DEBUG - No new payment records found
2026-06-17 19:39:51 - payment_data_executor - DEBUG - No new payment records found
2026-06-17 19:44:51 - payment_data_executor - DEBUG - No new payment records found
2026-06-17 19:49:51 - payment_data_executor - DEBUG - No new payment records found
2026-06-17 19:54:51 - payment_data_executor - DEBUG - No new payment records found
2026-06-17 19:59:51 - payment_data_executor - DEBUG - No new payment records found
2026-06-17 20:04:51 - payment_data_executor - DEBUG - No new payment records found
2026-06-17 20:09:51 - payment_data_executor - DEBUG - No new payment records found
2026-06-17 20:14:51 - payment_data_executor - DEBUG - No new payment records found
2026-06-17 20:19:51 - payment_data_executor - DEBUG - No new payment records found
2026-06-17 20:24:51 - payment_data_executor - DEBUG - No new payment records found
2026-06-17 20:29:51 - payment_data_executor - DEBUG - No new payment records found
2026-06-17 20:34:51 - payment_data_executor - DEBUG - No new payment records found
2026-06-17 20:39:51 - payment_data_executor - DEBUG - No new payment records found
2026-06-17 20:44:51 - payment_data_executor - DEBUG - No new payment records found
2026-06-17 20:49:51 - payment_data_executor - DEBUG - No new payment records found
2026-06-17 20:54:51 - payment_data_executor - DEBUG - No new payment records found
2026-06-17 20:59:51 - payment_data_executor - DEBUG - No new payment records found
2026-06-17 21:04:51 - payment_data_executor - DEBUG - No new payment records found
2026-06-17 21:09:51 - payment_data_executor - DEBUG - No new payment records found
2026-06-17 21:14:51 - payment_data_executor - DEBUG - No new payment records found
2026-06-17 21:19:51 - payment_data_executor - DEBUG - No new payment records found
2026-06-17 21:24:51 - payment_data_executor - DEBUG - No new payment records found
2026-06-17 21:29:51 - payment_data_executor - DEBUG - No new payment records found
2026-06-17 21:34:51 - payment_data_executor - DEBUG - No new payment records found
2026-06-17 21:39:51 - payment_data_executor - DEBUG - No new payment records found
2026-06-17 21:44:51 - payment_data_executor - DEBUG - No new payment records found
2026-06-17 21:49:51 - payment_data_executor - DEBUG - No new payment records found
2026-06-17 21:54:51 - payment_data_executor - DEBUG - No new payment records found
2026-06-17 21:59:51 - payment_data_executor - DEBUG - No new payment records found
2026-06-17 22:04:51 - payment_data_executor - DEBUG - No new payment records found
2026-06-17 22:09:51 - payment_data_executor - DEBUG - No new payment records found
2026-06-17 22:14:51 - payment_data_executor - DEBUG - No new payment records found
2026-06-17 22:19:51 - payment_data_executor - DEBUG - No new payment records found
2026-06-17 22:24:51 - payment_data_executor - DEBUG - No new payment records found
2026-06-17 22:29:51 - payment_data_executor - DEBUG - No new payment records found
2026-06-17 22:34:51 - payment_data_executor - DEBUG - No new payment records found
2026-06-17 22:39:50 - payment_data_executor - DEBUG - No new payment records found
2026-06-17 22:44:50 - payment_data_executor - DEBUG - No new payment records found
2026-06-17 22:49:50 - payment_data_executor - DEBUG - No new payment records found
2026-06-17 22:54:50 - payment_data_executor - DEBUG - No new payment records found
2026-06-17 22:59:50 - payment_data_executor - DEBUG - No new payment records found
2026-06-17 23:04:50 - payment_data_executor - DEBUG - No new payment records found
2026-06-17 23:09:50 - payment_data_executor - DEBUG - No new payment records found
2026-06-17 23:14:50 - payment_data_executor - DEBUG - No new payment records found
2026-06-17 23:19:50 - payment_data_executor - DEBUG - No new payment records found
2026-06-17 23:24:50 - payment_data_executor - DEBUG - No new payment records found
2026-06-17 23:29:51 - payment_data_executor - DEBUG - No new payment records found
2026-06-17 23:34:51 - payment_data_executor - DEBUG - No new payment records found
2026-06-17 23:39:51 - payment_data_executor - DEBUG - No new payment records found
2026-06-17 23:44:51 - payment_data_executor - DEBUG - No new payment records found
2026-06-17 23:49:51 - payment_data_executor - DEBUG - No new payment records found
2026-06-17 23:54:51 - payment_data_executor - DEBUG - No new payment records found
2026-06-17 23:59:51 - payment_data_executor - DEBUG - No new payment records found
2026-06-18 00:04:51 - payment_data_executor - DEBUG - No new payment records found
2026-06-18 00:09:51 - payment_data_executor - DEBUG - No new payment records found
2026-06-18 00:14:51 - payment_data_executor - DEBUG - No new payment records found
2026-06-18 00:19:51 - payment_data_executor - DEBUG - No new payment records found
2026-06-18 00:24:51 - payment_data_executor - DEBUG - No new payment records found
2026-06-18 00:29:51 - payment_data_executor - DEBUG - No new payment records found
2026-06-18 00:34:51 - payment_data_executor - DEBUG - No new payment records found
2026-06-18 00:39:51 - payment_data_executor - DEBUG - No new payment records found
2026-06-18 00:44:51 - payment_data_executor - DEBUG - No new payment records found
2026-06-18 00:49:51 - payment_data_executor - DEBUG - No new payment records found
2026-06-18 00:54:51 - payment_data_executor - DEBUG - No new payment records found
2026-06-18 00:59:52 - payment_data_executor - DEBUG - No new payment records found
2026-06-18 01:04:52 - payment_data_executor - DEBUG - No new payment records found
2026-06-18 01:09:52 - payment_data_executor - DEBUG - No new payment records found
2026-06-18 01:14:52 - payment_data_executor - DEBUG - No new payment records found
2026-06-18 01:19:52 - payment_data_executor - DEBUG - No new payment records found
2026-06-18 01:24:52 - payment_data_executor - DEBUG - No new payment records found
2026-06-18 01:29:52 - payment_data_executor - DEBUG - No new payment records found
2026-06-18 01:34:52 - payment_data_executor - DEBUG - No new payment records found
2026-06-18 01:39:52 - payment_data_executor - DEBUG - No new payment records found
2026-06-18 01:44:52 - payment_data_executor - DEBUG - No new payment records found
2026-06-18 01:49:52 - payment_data_executor - DEBUG - No new payment records found
2026-06-18 01:54:52 - payment_data_executor - DEBUG - No new payment records found
2026-06-18 01:59:52 - payment_data_executor - DEBUG - No new payment records found
2026-06-18 02:04:52 - payment_data_executor - DEBUG - No new payment records found
2026-06-18 02:09:52 - payment_data_executor - DEBUG - No new payment records found
2026-06-18 02:14:52 - payment_data_executor - DEBUG - No new payment records found
2026-06-18 02:19:52 - payment_data_executor - DEBUG - No new payment records found
2026-06-18 02:24:52 - payment_data_executor - DEBUG - No new payment records found
2026-06-18 02:29:52 - payment_data_executor - DEBUG - No new payment records found
2026-06-18 02:34:52 - payment_data_executor - DEBUG - No new payment records found
2026-06-18 02:39:52 - payment_data_executor - DEBUG - No new payment records found
2026-06-18 02:44:52 - payment_data_executor - DEBUG - No new payment records found
2026-06-18 02:49:52 - payment_data_executor - DEBUG - No new payment records found
2026-06-18 02:54:52 - payment_data_executor - DEBUG - No new payment records found
2026-06-18 02:59:52 - payment_data_executor - DEBUG - No new payment records found
2026-06-18 03:04:52 - payment_data_executor - DEBUG - No new payment records found
2026-06-18 03:09:52 - payment_data_executor - DEBUG - No new payment records found
2026-06-18 03:14:52 - payment_data_executor - DEBUG - No new payment records found
2026-06-18 03:19:52 - payment_data_executor - DEBUG - No new payment records found
2026-06-18 03:24:52 - payment_data_executor - DEBUG - No new payment records found
2026-06-18 03:29:52 - payment_data_executor - DEBUG - No new payment records found
2026-06-18 03:34:52 - payment_data_executor - DEBUG - No new payment records found
2026-06-18 03:39:52 - payment_data_executor - DEBUG - No new payment records found
2026-06-18 03:44:52 - payment_data_executor - DEBUG - No new payment records found
2026-06-18 03:49:52 - payment_data_executor - DEBUG - No new payment records found
2026-06-18 03:54:52 - payment_data_executor - DEBUG - No new payment records found
2026-06-18 03:59:52 - payment_data_executor - DEBUG - No new payment records found
2026-06-18 04:04:52 - payment_data_executor - DEBUG - No new payment records found
2026-06-18 04:09:51 - payment_data_executor - DEBUG - No new payment records found
2026-06-18 04:14:51 - payment_data_executor - DEBUG - No new payment records found
2026-06-18 04:19:51 - payment_data_executor - DEBUG - No new payment records found
2026-06-18 04:24:51 - payment_data_executor - DEBUG - No new payment records found
2026-06-18 04:29:51 - payment_data_executor - DEBUG - No new payment records found
2026-06-18 04:34:51 - payment_data_executor - DEBUG - No new payment records found
2026-06-18 04:39:51 - payment_data_executor - DEBUG - No new payment records found
2026-06-18 04:44:51 - payment_data_executor - DEBUG - No new payment records found
2026-06-18 04:49:51 - payment_data_executor - DEBUG - No new payment records found
2026-06-18 04:54:51 - payment_data_executor - DEBUG - No new payment records found
2026-06-18 04:59:51 - payment_data_executor - DEBUG - No new payment records found
2026-06-18 05:04:51 - payment_data_executor - DEBUG - No new payment records found
2026-06-18 05:09:51 - payment_data_executor - DEBUG - No new payment records found
2026-06-18 05:14:51 - payment_data_executor - DEBUG - No new payment records found
2026-06-18 05:19:51 - payment_data_executor - DEBUG - No new payment records found
2026-06-18 05:24:51 - payment_data_executor - DEBUG - No new payment records found
2026-06-18 05:29:51 - payment_data_executor - DEBUG - No new payment records found
2026-06-18 05:34:51 - payment_data_executor - DEBUG - No new payment records found
2026-06-18 05:39:51 - payment_data_executor - DEBUG - No new payment records found
2026-06-18 05:44:51 - payment_data_executor - DEBUG - No new payment records found
2026-06-18 05:49:51 - payment_data_executor - DEBUG - No new payment records found
2026-06-18 05:54:51 - payment_data_executor - DEBUG - No new payment records found
2026-06-18 05:59:51 - payment_data_executor - DEBUG - No new payment records found
2026-06-18 06:04:51 - payment_data_executor - DEBUG - No new payment records found
2026-06-18 06:09:51 - payment_data_executor - DEBUG - No new payment records found
2026-06-18 06:14:51 - payment_data_executor - DEBUG - No new payment records found
2026-06-18 06:19:51 - payment_data_executor - DEBUG - No new payment records found
2026-06-18 06:24:51 - payment_data_executor - DEBUG - No new payment records found
2026-06-18 06:29:51 - payment_data_executor - DEBUG - No new payment records found
2026-06-18 06:34:51 - payment_data_executor - DEBUG - No new payment records found
2026-06-18 06:39:51 - payment_data_executor - DEBUG - No new payment records found
2026-06-18 06:44:51 - payment_data_executor - DEBUG - No new payment records found
2026-06-18 06:49:51 - payment_data_executor - DEBUG - No new payment records found
2026-06-18 06:54:51 - payment_data_executor - DEBUG - No new payment records found
2026-06-18 06:59:51 - payment_data_executor - DEBUG - No new payment records found
2026-06-18 07:04:51 - payment_data_executor - DEBUG - No new payment records found
2026-06-18 07:09:51 - payment_data_executor - DEBUG - No new payment records found
2026-06-18 07:14:51 - payment_data_executor - DEBUG - No new payment records found
2026-06-18 07:19:51 - payment_data_executor - DEBUG - No new payment records found
2026-06-18 07:24:51 - payment_data_executor - DEBUG - No new payment records found
2026-06-18 07:29:51 - payment_data_executor - DEBUG - No new payment records found
2026-06-18 07:34:51 - payment_data_executor - DEBUG - No new payment records found
2026-06-18 07:39:51 - payment_data_executor - DEBUG - No new payment records found
2026-06-18 07:44:50 - payment_data_executor - DEBUG - No new payment records found
2026-06-18 07:49:50 - payment_data_executor - DEBUG - No new payment records found
2026-06-18 07:54:50 - payment_data_executor - DEBUG - No new payment records found
2026-06-18 07:59:50 - payment_data_executor - DEBUG - No new payment records found
2026-06-18 08:04:50 - payment_data_executor - DEBUG - No new payment records found
2026-06-18 08:09:50 - payment_data_executor - DEBUG - No new payment records found
2026-06-18 08:14:50 - payment_data_executor - DEBUG - No new payment records found
2026-06-18 08:19:50 - payment_data_executor - DEBUG - No new payment records found
2026-06-18 08:24:50 - payment_data_executor - DEBUG - No new payment records found
2026-06-18 08:29:50 - payment_data_executor - DEBUG - No new payment records found
2026-06-18 08:34:50 - payment_data_executor - DEBUG - No new payment records found
2026-06-18 08:39:50 - payment_data_executor - DEBUG - No new payment records found
2026-06-18 08:44:50 - payment_data_executor - DEBUG - No new payment records found
2026-06-18 08:49:50 - payment_data_executor - DEBUG - No new payment records found
2026-06-18 08:54:50 - payment_data_executor - DEBUG - No new payment records found
2026-06-18 08:59:50 - payment_data_executor - DEBUG - No new payment records found
2026-06-18 09:04:50 - payment_data_executor - DEBUG - No new payment records found
2026-06-18 09:09:50 - payment_data_executor - DEBUG - No new payment records found
2026-06-18 09:14:50 - payment_data_executor - DEBUG - No new payment records found
2026-06-18 09:19:50 - payment_data_executor - DEBUG - No new payment records found
2026-06-18 09:24:50 - payment_data_executor - DEBUG - No new payment records found
2026-06-18 09:29:50 - payment_data_executor - DEBUG - No new payment records found
2026-06-18 09:34:50 - payment_data_executor - DEBUG - No new payment records found
2026-06-18 09:39:50 - payment_data_executor - DEBUG - No new payment records found
2026-06-18 09:44:50 - payment_data_executor - DEBUG - No new payment records found
2026-06-18 09:49:50 - payment_data_executor - DEBUG - No new payment records found
2026-06-18 09:54:50 - payment_data_executor - DEBUG - No new payment records found
2026-06-18 09:59:50 - payment_data_executor - DEBUG - No new payment records found
2026-06-18 10:04:50 - payment_data_executor - DEBUG - No new payment records found
2026-06-18 10:09:50 - payment_data_executor - DEBUG - No new payment records found
2026-06-18 10:14:50 - payment_data_executor - DEBUG - No new payment records found
2026-06-18 10:19:50 - payment_data_executor - DEBUG - No new payment records found
2026-06-18 10:24:50 - payment_data_executor - DEBUG - No new payment records found
2026-06-18 10:29:50 - payment_data_executor - DEBUG - No new payment records found
2026-06-18 10:34:50 - payment_data_executor - DEBUG - No new payment records found
2026-06-18 10:39:50 - payment_data_executor - DEBUG - No new payment records found
2026-06-18 10:44:50 - payment_data_executor - DEBUG - No new payment records found
2026-06-18 10:49:50 - payment_data_executor - DEBUG - No new payment records found
2026-06-18 10:54:50 - payment_data_executor - DEBUG - No new payment records found
2026-06-18 10:59:50 - payment_data_executor - DEBUG - No new payment records found
2026-06-18 11:04:50 - payment_data_executor - DEBUG - No new payment records found
2026-06-18 11:09:50 - payment_data_executor - DEBUG - No new payment records found
2026-06-18 11:14:50 - payment_data_executor - DEBUG - No new payment records found
2026-06-18 11:19:50 - payment_data_executor - DEBUG - No new payment records found
2026-06-18 11:24:50 - payment_data_executor - DEBUG - No new payment records found
2026-06-18 11:29:50 - payment_data_executor - DEBUG - No new payment records found
2026-06-18 11:34:50 - payment_data_executor - DEBUG - No new payment records found
2026-06-18 11:39:50 - payment_data_executor - DEBUG - No new payment records found
2026-06-18 11:44:50 - payment_data_executor - DEBUG - No new payment records found
2026-06-18 11:49:50 - payment_data_executor - DEBUG - No new payment records found
2026-06-18 11:54:50 - payment_data_executor - DEBUG - No new payment records found
2026-06-18 11:59:50 - payment_data_executor - DEBUG - No new payment records found
2026-06-18 12:04:50 - payment_data_executor - DEBUG - No new payment records found
2026-06-18 12:09:50 - payment_data_executor - DEBUG - No new payment records found
2026-06-18 12:14:50 - payment_data_executor - DEBUG - No new payment records found
2026-06-18 12:19:50 - payment_data_executor - DEBUG - No new payment records found
2026-06-18 12:24:49 - payment_data_executor - DEBUG - No new payment records found
2026-06-18 12:29:49 - payment_data_executor - DEBUG - No new payment records found
2026-06-18 12:34:49 - payment_data_executor - DEBUG - No new payment records found
2026-06-18 12:39:49 - payment_data_executor - DEBUG - No new payment records found
2026-06-18 12:44:49 - payment_data_executor - DEBUG - No new payment records found
2026-06-18 12:49:49 - payment_data_executor - DEBUG - No new payment records found
2026-06-18 12:54:49 - payment_data_executor - DEBUG - No new payment records found
2026-06-18 12:59:49 - payment_data_executor - DEBUG - No new payment records found
2026-06-18 13:04:49 - payment_data_executor - DEBUG - No new payment records found
2026-06-18 13:09:49 - payment_data_executor - DEBUG - No new payment records found
2026-06-18 13:14:49 - payment_data_executor - DEBUG - No new payment records found
2026-06-18 13:19:49 - payment_data_executor - DEBUG - No new payment records found
2026-06-18 13:24:49 - payment_data_executor - DEBUG - No new payment records found
2026-06-18 13:29:49 - payment_data_executor - DEBUG - No new payment records found
2026-06-18 13:34:49 - payment_data_executor - DEBUG - No new payment records found
2026-06-18 13:39:49 - payment_data_executor - DEBUG - No new payment records found
2026-06-18 13:44:49 - payment_data_executor - DEBUG - No new payment records found
2026-06-18 13:49:49 - payment_data_executor - DEBUG - No new payment records found
2026-06-18 13:54:49 - payment_data_executor - DEBUG - No new payment records found
2026-06-18 13:59:49 - payment_data_executor - DEBUG - No new payment records found
2026-06-18 14:04:49 - payment_data_executor - DEBUG - No new payment records found
2026-06-18 14:09:49 - payment_data_executor - DEBUG - No new payment records found
2026-06-18 14:14:49 - payment_data_executor - DEBUG - No new payment records found
2026-06-18 14:19:49 - payment_data_executor - DEBUG - No new payment records found
2026-06-18 14:24:49 - payment_data_executor - DEBUG - No new payment records found
2026-06-18 14:29:49 - payment_data_executor - DEBUG - No new payment records found
2026-06-18 14:34:49 - payment_data_executor - DEBUG - No new payment records found
2026-06-18 14:39:49 - payment_data_executor - DEBUG - No new payment records found
2026-06-18 14:44:49 - payment_data_executor - DEBUG - No new payment records found
2026-06-18 14:49:49 - payment_data_executor - DEBUG - No new payment records found
2026-06-18 14:54:49 - payment_data_executor - DEBUG - No new payment records found
2026-06-18 14:59:49 - payment_data_executor - DEBUG - No new payment records found
2026-06-18 15:04:49 - payment_data_executor - DEBUG - No new payment records found
2026-06-18 15:09:49 - payment_data_executor - DEBUG - No new payment records found
2026-06-18 15:14:49 - payment_data_executor - DEBUG - No new payment records found
2026-06-18 15:19:49 - payment_data_executor - DEBUG - No new payment records found
2026-06-18 15:24:49 - payment_data_executor - DEBUG - No new payment records found
2026-06-18 15:29:49 - payment_data_executor - DEBUG - No new payment records found
2026-06-18 15:34:49 - payment_data_executor - DEBUG - No new payment records found
2026-06-18 15:39:49 - payment_data_executor - DEBUG - No new payment records found
2026-06-18 15:44:49 - payment_data_executor - DEBUG - No new payment records found
2026-06-18 15:49:49 - payment_data_executor - DEBUG - No new payment records found
2026-06-18 15:54:49 - payment_data_executor - DEBUG - No new payment records found
2026-06-18 15:59:49 - payment_data_executor - DEBUG - No new payment records found
2026-06-18 16:04:49 - payment_data_executor - DEBUG - No new payment records found
2026-06-18 16:09:49 - payment_data_executor - DEBUG - No new payment records found
2026-06-18 16:14:49 - payment_data_executor - DEBUG - No new payment records found
2026-06-18 16:19:49 - payment_data_executor - DEBUG - No new payment records found
2026-06-18 16:24:49 - payment_data_executor - DEBUG - No new payment records found
2026-06-18 16:29:48 - payment_data_executor - DEBUG - No new payment records found
2026-06-18 16:34:48 - payment_data_executor - DEBUG - No new payment records found
2026-06-18 16:39:48 - payment_data_executor - DEBUG - No new payment records found
2026-06-18 16:44:48 - payment_data_executor - DEBUG - No new payment records found
2026-06-18 16:49:48 - payment_data_executor - DEBUG - No new payment records found
2026-06-18 16:54:48 - payment_data_executor - DEBUG - No new payment records found
2026-06-18 16:59:48 - payment_data_executor - DEBUG - No new payment records found
2026-06-18 17:04:48 - payment_data_executor - DEBUG - No new payment records found
2026-06-18 17:09:48 - payment_data_executor - DEBUG - No new payment records found
2026-06-18 17:14:48 - payment_data_executor - DEBUG - No new payment records found
2026-06-18 17:19:48 - payment_data_executor - DEBUG - No new payment records found
2026-06-18 17:24:48 - payment_data_executor - DEBUG - No new payment records found
2026-06-18 17:29:48 - payment_data_executor - DEBUG - No new payment records found
2026-06-18 17:34:48 - payment_data_executor - DEBUG - No new payment records found
2026-06-18 17:39:48 - payment_data_executor - DEBUG - No new payment records found
2026-06-18 17:44:48 - payment_data_executor - DEBUG - No new payment records found
2026-06-18 17:49:48 - payment_data_executor - DEBUG - No new payment records found
2026-06-18 17:54:48 - payment_data_executor - DEBUG - No new payment records found
2026-06-18 17:59:48 - payment_data_executor - DEBUG - No new payment records found
2026-06-18 18:04:48 - payment_data_executor - DEBUG - No new payment records found
2026-06-18 18:09:48 - payment_data_executor - DEBUG - No new payment records found
2026-06-18 18:14:48 - payment_data_executor - DEBUG - No new payment records found
2026-06-18 18:19:48 - payment_data_executor - DEBUG - No new payment records found
2026-06-18 18:24:48 - payment_data_executor - DEBUG - No new payment records found
2026-06-18 18:29:48 - payment_data_executor - DEBUG - No new payment records found
2026-06-18 18:34:48 - payment_data_executor - DEBUG - No new payment records found
2026-06-18 18:39:48 - payment_data_executor - DEBUG - No new payment records found
2026-06-18 18:44:48 - payment_data_executor - DEBUG - No new payment records found
2026-06-18 18:49:48 - payment_data_executor - DEBUG - No new payment records found
2026-06-18 18:54:48 - payment_data_executor - DEBUG - No new payment records found
2026-06-18 18:59:48 - payment_data_executor - DEBUG - No new payment records found
2026-06-18 19:04:48 - payment_data_executor - DEBUG - No new payment records found
2026-06-18 19:09:48 - payment_data_executor - DEBUG - No new payment records found
2026-06-18 19:14:48 - payment_data_executor - DEBUG - No new payment records found
2026-06-18 19:19:48 - payment_data_executor - DEBUG - No new payment records found
2026-06-18 19:24:48 - payment_data_executor - DEBUG - No new payment records found
2026-06-18 19:29:48 - payment_data_executor - DEBUG - No new payment records found
2026-06-18 19:34:48 - payment_data_executor - DEBUG - No new payment records found
2026-06-18 19:39:48 - payment_data_executor - DEBUG - No new payment records found
2026-06-18 19:44:48 - payment_data_executor - DEBUG - No new payment records found
2026-06-18 19:49:48 - payment_data_executor - DEBUG - No new payment records found
2026-06-18 19:54:47 - payment_data_executor - DEBUG - No new payment records found
2026-06-18 19:59:47 - payment_data_executor - DEBUG - No new payment records found
2026-06-18 20:04:47 - payment_data_executor - DEBUG - No new payment records found
2026-06-18 20:09:47 - payment_data_executor - DEBUG - No new payment records found
2026-06-18 20:14:47 - payment_data_executor - DEBUG - No new payment records found
2026-06-18 20:19:47 - payment_data_executor - DEBUG - No new payment records found
2026-06-18 20:24:47 - payment_data_executor - DEBUG - No new payment records found
2026-06-18 20:29:47 - payment_data_executor - DEBUG - No new payment records found
2026-06-18 20:34:47 - payment_data_executor - DEBUG - No new payment records found
2026-06-18 20:39:47 - payment_data_executor - DEBUG - No new payment records found
2026-06-18 20:44:47 - payment_data_executor - DEBUG - No new payment records found
2026-06-18 20:49:47 - payment_data_executor - DEBUG - No new payment records found
2026-06-18 20:54:47 - payment_data_executor - DEBUG - No new payment records found
2026-06-18 20:59:47 - payment_data_executor - DEBUG - No new payment records found
2026-06-18 21:04:47 - payment_data_executor - DEBUG - No new payment records found
2026-06-18 21:09:47 - payment_data_executor - DEBUG - No new payment records found
2026-06-18 21:14:47 - payment_data_executor - DEBUG - No new payment records found
2026-06-18 21:19:47 - payment_data_executor - DEBUG - No new payment records found
2026-06-18 21:24:47 - payment_data_executor - DEBUG - No new payment records found
2026-06-18 21:29:47 - payment_data_executor - DEBUG - No new payment records found
2026-06-18 21:34:47 - payment_data_executor - DEBUG - No new payment records found
2026-06-18 21:39:47 - payment_data_executor - DEBUG - No new payment records found
2026-06-18 21:44:47 - payment_data_executor - DEBUG - No new payment records found
2026-06-18 21:49:47 - payment_data_executor - DEBUG - No new payment records found
2026-06-18 21:54:47 - payment_data_executor - DEBUG - No new payment records found
2026-06-18 21:59:47 - payment_data_executor - DEBUG - No new payment records found
2026-06-18 22:04:47 - payment_data_executor - DEBUG - No new payment records found
2026-06-18 22:09:47 - payment_data_executor - DEBUG - No new payment records found
2026-06-18 22:14:47 - payment_data_executor - DEBUG - No new payment records found
2026-06-18 22:19:47 - payment_data_executor - DEBUG - No new payment records found
2026-06-18 22:24:47 - payment_data_executor - DEBUG - No new payment records found
2026-06-18 22:29:47 - payment_data_executor - DEBUG - No new payment records found
2026-06-18 22:34:47 - payment_data_executor - DEBUG - No new payment records found
2026-06-18 22:39:47 - payment_data_executor - DEBUG - No new payment records found
2026-06-18 22:44:47 - payment_data_executor - DEBUG - No new payment records found
2026-06-18 22:49:47 - payment_data_executor - DEBUG - No new payment records found
2026-06-18 22:54:47 - payment_data_executor - DEBUG - No new payment records found
2026-06-18 22:59:47 - payment_data_executor - DEBUG - No new payment records found
2026-06-18 23:04:47 - payment_data_executor - DEBUG - No new payment records found
2026-06-18 23:09:47 - payment_data_executor - DEBUG - No new payment records found
2026-06-18 23:14:47 - payment_data_executor - DEBUG - No new payment records found
2026-06-18 23:19:47 - payment_data_executor - DEBUG - No new payment records found
2026-06-18 23:24:47 - payment_data_executor - DEBUG - No new payment records found
2026-06-18 23:29:47 - payment_data_executor - DEBUG - No new payment records found
2026-06-18 23:34:47 - payment_data_executor - DEBUG - No new payment records found
2026-06-18 23:39:47 - payment_data_executor - DEBUG - No new payment records found
2026-06-18 23:44:47 - payment_data_executor - DEBUG - No new payment records found
2026-06-18 23:49:47 - payment_data_executor - DEBUG - No new payment records found
2026-06-18 23:54:47 - payment_data_executor - DEBUG - No new payment records found
2026-06-18 23:59:47 - payment_data_executor - DEBUG - No new payment records found
2026-06-19 00:04:46 - payment_data_executor - DEBUG - No new payment records found
2026-06-19 00:09:46 - payment_data_executor - DEBUG - No new payment records found
2026-06-19 00:14:46 - payment_data_executor - DEBUG - No new payment records found
2026-06-19 00:19:46 - payment_data_executor - DEBUG - No new payment records found
2026-06-19 00:24:46 - payment_data_executor - DEBUG - No new payment records found
2026-06-19 00:29:46 - payment_data_executor - DEBUG - No new payment records found
2026-06-19 00:34:46 - payment_data_executor - DEBUG - No new payment records found
2026-06-19 00:39:46 - payment_data_executor - DEBUG - No new payment records found
2026-06-19 00:44:46 - payment_data_executor - DEBUG - No new payment records found
2026-06-19 00:49:46 - payment_data_executor - DEBUG - No new payment records found
2026-06-19 00:54:46 - payment_data_executor - DEBUG - No new payment records found
2026-06-19 00:59:46 - payment_data_executor - DEBUG - No new payment records found
2026-06-19 01:04:46 - payment_data_executor - DEBUG - No new payment records found
2026-06-19 01:09:46 - payment_data_executor - DEBUG - No new payment records found
2026-06-19 01:14:46 - payment_data_executor - DEBUG - No new payment records found
2026-06-19 01:19:46 - payment_data_executor - DEBUG - No new payment records found
2026-06-19 01:24:46 - payment_data_executor - DEBUG - No new payment records found
2026-06-19 01:29:46 - payment_data_executor - DEBUG - No new payment records found
2026-06-19 01:34:46 - payment_data_executor - DEBUG - No new payment records found
2026-06-19 01:39:46 - payment_data_executor - DEBUG - No new payment records found
2026-06-19 01:44:46 - payment_data_executor - DEBUG - No new payment records found
2026-06-19 01:49:46 - payment_data_executor - DEBUG - No new payment records found
2026-06-19 01:54:46 - payment_data_executor - DEBUG - No new payment records found
2026-06-19 01:59:46 - payment_data_executor - DEBUG - No new payment records found
2026-06-19 02:04:46 - payment_data_executor - DEBUG - No new payment records found
2026-06-19 02:09:46 - payment_data_executor - DEBUG - No new payment records found
2026-06-19 02:14:46 - payment_data_executor - DEBUG - No new payment records found
2026-06-19 02:19:46 - payment_data_executor - DEBUG - No new payment records found
2026-06-19 02:24:46 - payment_data_executor - DEBUG - No new payment records found
2026-06-19 02:29:46 - payment_data_executor - DEBUG - No new payment records found
2026-06-19 02:34:46 - payment_data_executor - DEBUG - No new payment records found
2026-06-19 02:39:46 - payment_data_executor - DEBUG - No new payment records found
2026-06-19 02:44:46 - payment_data_executor - DEBUG - No new payment records found
2026-06-19 02:49:46 - payment_data_executor - DEBUG - No new payment records found
2026-06-19 02:54:46 - payment_data_executor - DEBUG - No new payment records found
2026-06-19 02:59:46 - payment_data_executor - DEBUG - No new payment records found
2026-06-19 03:04:46 - payment_data_executor - DEBUG - No new payment records found
2026-06-19 03:09:46 - payment_data_executor - DEBUG - No new payment records found
2026-06-19 03:14:46 - payment_data_executor - DEBUG - No new payment records found
2026-06-19 03:19:46 - payment_data_executor - DEBUG - No new payment records found
2026-06-19 03:24:46 - payment_data_executor - DEBUG - No new payment records found
2026-06-19 03:29:46 - payment_data_executor - DEBUG - No new payment records found
2026-06-19 03:34:46 - payment_data_executor - DEBUG - No new payment records found
2026-06-19 03:39:46 - payment_data_executor - DEBUG - No new payment records found
2026-06-19 03:44:45 - payment_data_executor - DEBUG - No new payment records found
2026-06-19 03:49:45 - payment_data_executor - DEBUG - No new payment records found
2026-06-19 03:54:45 - payment_data_executor - DEBUG - No new payment records found
2026-06-19 03:59:45 - payment_data_executor - DEBUG - No new payment records found
2026-06-19 04:04:45 - payment_data_executor - DEBUG - No new payment records found
2026-06-19 04:09:45 - payment_data_executor - DEBUG - No new payment records found
2026-06-19 04:14:45 - payment_data_executor - DEBUG - No new payment records found
2026-06-19 04:19:45 - payment_data_executor - DEBUG - No new payment records found
2026-06-19 04:24:45 - payment_data_executor - DEBUG - No new payment records found
2026-06-19 04:29:45 - payment_data_executor - DEBUG - No new payment records found
2026-06-19 04:34:45 - payment_data_executor - DEBUG - No new payment records found
2026-06-19 04:39:45 - payment_data_executor - DEBUG - No new payment records found
2026-06-19 04:44:45 - payment_data_executor - DEBUG - No new payment records found
2026-06-19 04:49:45 - payment_data_executor - DEBUG - No new payment records found
2026-06-19 04:54:45 - payment_data_executor - DEBUG - No new payment records found
2026-06-19 04:59:45 - payment_data_executor - DEBUG - No new payment records found
2026-06-19 05:04:45 - payment_data_executor - DEBUG - No new payment records found
2026-06-19 05:09:45 - payment_data_executor - DEBUG - No new payment records found
2026-06-19 05:14:45 - payment_data_executor - DEBUG - No new payment records found
2026-06-19 05:19:45 - payment_data_executor - DEBUG - No new payment records found
2026-06-19 05:24:45 - payment_data_executor - DEBUG - No new payment records found
2026-06-19 05:29:45 - payment_data_executor - DEBUG - No new payment records found
2026-06-19 05:34:45 - payment_data_executor - DEBUG - No new payment records found
2026-06-19 05:39:45 - payment_data_executor - DEBUG - No new payment records found
2026-06-19 05:44:45 - payment_data_executor - DEBUG - No new payment records found
2026-06-19 05:49:45 - payment_data_executor - DEBUG - No new payment records found
2026-06-19 05:54:45 - payment_data_executor - DEBUG - No new payment records found
2026-06-19 05:59:45 - payment_data_executor - DEBUG - No new payment records found
2026-06-19 06:04:45 - payment_data_executor - DEBUG - No new payment records found
2026-06-19 06:09:45 - payment_data_executor - DEBUG - No new payment records found
2026-06-19 06:14:45 - payment_data_executor - DEBUG - No new payment records found
2026-06-19 06:19:45 - payment_data_executor - DEBUG - No new payment records found
2026-06-19 06:24:45 - payment_data_executor - DEBUG - No new payment records found
2026-06-19 06:29:45 - payment_data_executor - DEBUG - No new payment records found
2026-06-19 06:34:45 - payment_data_executor - DEBUG - No new payment records found
2026-06-19 06:39:45 - payment_data_executor - DEBUG - No new payment records found
2026-06-19 06:44:45 - payment_data_executor - DEBUG - No new payment records found
2026-06-19 06:49:45 - payment_data_executor - DEBUG - No new payment records found
2026-06-19 06:54:45 - payment_data_executor - DEBUG - No new payment records found
2026-06-19 06:59:45 - payment_data_executor - DEBUG - No new payment records found
2026-06-19 07:04:45 - payment_data_executor - DEBUG - No new payment records found
2026-06-19 07:09:45 - payment_data_executor - DEBUG - No new payment records found
2026-06-19 07:14:45 - payment_data_executor - DEBUG - No new payment records found
2026-06-19 07:19:45 - payment_data_executor - DEBUG - No new payment records found
2026-06-19 07:24:45 - payment_data_executor - DEBUG - No new payment records found
2026-06-19 07:29:45 - payment_data_executor - DEBUG - No new payment records found
2026-06-19 07:34:45 - payment_data_executor - DEBUG - No new payment records found
2026-06-19 07:39:45 - payment_data_executor - DEBUG - No new payment records found
2026-06-19 07:44:45 - payment_data_executor - DEBUG - No new payment records found
2026-06-19 07:49:45 - payment_data_executor - DEBUG - No new payment records found
2026-06-19 07:54:45 - payment_data_executor - DEBUG - No new payment records found
2026-06-19 07:59:44 - payment_data_executor - DEBUG - No new payment records found
2026-06-19 08:04:44 - payment_data_executor - DEBUG - No new payment records found
2026-06-19 08:09:44 - payment_data_executor - DEBUG - No new payment records found
2026-06-19 08:14:44 - payment_data_executor - DEBUG - No new payment records found
2026-06-19 08:19:44 - payment_data_executor - DEBUG - No new payment records found
2026-06-19 08:24:44 - payment_data_executor - DEBUG - No new payment records found
2026-06-19 08:29:44 - payment_data_executor - DEBUG - No new payment records found
2026-06-19 08:34:44 - payment_data_executor - DEBUG - No new payment records found
2026-06-19 08:39:44 - payment_data_executor - DEBUG - No new payment records found
2026-06-19 08:44:44 - payment_data_executor - DEBUG - No new payment records found
2026-06-19 08:49:44 - payment_data_executor - DEBUG - No new payment records found
2026-06-19 08:54:44 - payment_data_executor - DEBUG - No new payment records found
2026-06-19 08:59:44 - payment_data_executor - DEBUG - No new payment records found
2026-06-19 09:04:44 - payment_data_executor - DEBUG - No new payment records found
2026-06-19 09:09:44 - payment_data_executor - DEBUG - No new payment records found
2026-06-19 09:14:44 - payment_data_executor - DEBUG - No new payment records found
2026-06-19 09:19:44 - payment_data_executor - DEBUG - No new payment records found
2026-06-19 09:24:44 - payment_data_executor - DEBUG - No new payment records found
2026-06-19 09:29:44 - payment_data_executor - DEBUG - No new payment records found
2026-06-19 09:34:44 - payment_data_executor - DEBUG - No new payment records found
2026-06-19 09:39:44 - payment_data_executor - DEBUG - No new payment records found
2026-06-19 09:44:44 - payment_data_executor - DEBUG - No new payment records found
2026-06-19 09:49:44 - payment_data_executor - DEBUG - No new payment records found
2026-06-19 09:54:44 - payment_data_executor - DEBUG - No new payment records found
2026-06-19 09:59:44 - payment_data_executor - DEBUG - No new payment records found
2026-06-19 10:04:44 - payment_data_executor - DEBUG - No new payment records found
2026-06-19 10:09:44 - payment_data_executor - DEBUG - No new payment records found
2026-06-19 10:14:44 - payment_data_executor - DEBUG - No new payment records found
2026-06-19 10:19:44 - payment_data_executor - DEBUG - No new payment records found
2026-06-19 10:24:44 - payment_data_executor - DEBUG - No new payment records found
2026-06-19 10:29:44 - payment_data_executor - DEBUG - No new payment records found
2026-06-19 10:34:44 - payment_data_executor - DEBUG - No new payment records found
2026-06-19 10:39:44 - payment_data_executor - DEBUG - No new payment records found
2026-06-19 10:44:44 - payment_data_executor - DEBUG - No new payment records found
2026-06-19 10:49:44 - payment_data_executor - DEBUG - No new payment records found
2026-06-19 10:54:44 - payment_data_executor - DEBUG - No new payment records found
2026-06-19 10:59:44 - payment_data_executor - DEBUG - No new payment records found
2026-06-19 11:04:44 - payment_data_executor - DEBUG - No new payment records found
2026-06-19 11:09:44 - payment_data_executor - DEBUG - No new payment records found
2026-06-19 11:14:44 - payment_data_executor - DEBUG - No new payment records found
2026-06-19 11:19:44 - payment_data_executor - DEBUG - No new payment records found
2026-06-19 11:24:44 - payment_data_executor - DEBUG - No new payment records found
2026-06-19 11:29:44 - payment_data_executor - DEBUG - No new payment records found
2026-06-19 11:34:44 - payment_data_executor - DEBUG - No new payment records found
2026-06-19 11:39:44 - payment_data_executor - DEBUG - No new payment records found
2026-06-19 11:44:44 - payment_data_executor - DEBUG - No new payment records found
2026-06-19 11:49:44 - payment_data_executor - DEBUG - No new payment records found
2026-06-19 11:54:44 - payment_data_executor - DEBUG - No new payment records found
2026-06-19 11:59:44 - payment_data_executor - DEBUG - No new payment records found
2026-06-19 12:04:44 - payment_data_executor - DEBUG - No new payment records found
2026-06-19 12:09:44 - payment_data_executor - DEBUG - No new payment records found
2026-06-19 12:14:43 - payment_data_executor - DEBUG - No new payment records found
2026-06-19 12:19:43 - payment_data_executor - DEBUG - No new payment records found
2026-06-19 12:24:43 - payment_data_executor - DEBUG - No new payment records found
2026-06-19 12:29:43 - payment_data_executor - DEBUG - No new payment records found
2026-06-19 12:34:43 - payment_data_executor - DEBUG - No new payment records found
2026-06-19 12:39:43 - payment_data_executor - DEBUG - No new payment records found
2026-06-19 12:44:43 - payment_data_executor - DEBUG - No new payment records found
2026-06-19 12:49:43 - payment_data_executor - DEBUG - No new payment records found
2026-06-19 12:54:43 - payment_data_executor - DEBUG - No new payment records found
2026-06-19 12:59:43 - payment_data_executor - DEBUG - No new payment records found
2026-06-19 13:04:43 - payment_data_executor - DEBUG - No new payment records found
2026-06-19 13:09:43 - payment_data_executor - DEBUG - No new payment records found
2026-06-19 13:14:43 - payment_data_executor - DEBUG - No new payment records found
2026-06-19 13:19:43 - payment_data_executor - DEBUG - No new payment records found
2026-06-19 13:24:43 - payment_data_executor - DEBUG - No new payment records found
2026-06-19 13:29:43 - payment_data_executor - DEBUG - No new payment records found
2026-06-19 13:34:43 - payment_data_executor - DEBUG - No new payment records found
2026-06-19 13:39:43 - payment_data_executor - DEBUG - No new payment records found
2026-06-19 13:44:43 - payment_data_executor - DEBUG - No new payment records found
2026-06-19 13:49:43 - payment_data_executor - DEBUG - No new payment records found
2026-06-19 13:54:43 - payment_data_executor - DEBUG - No new payment records found
2026-06-19 13:59:43 - payment_data_executor - DEBUG - No new payment records found
2026-06-19 14:04:43 - payment_data_executor - DEBUG - No new payment records found
2026-06-19 14:09:43 - payment_data_executor - DEBUG - No new payment records found
2026-06-19 14:14:43 - payment_data_executor - DEBUG - No new payment records found
2026-06-19 14:19:43 - payment_data_executor - DEBUG - No new payment records found
2026-06-19 14:24:43 - payment_data_executor - DEBUG - No new payment records found
2026-06-19 14:29:43 - payment_data_executor - DEBUG - No new payment records found
2026-06-19 14:34:43 - payment_data_executor - DEBUG - No new payment records found
2026-06-19 14:39:43 - payment_data_executor - DEBUG - No new payment records found
2026-06-19 14:44:43 - payment_data_executor - DEBUG - No new payment records found
2026-06-19 14:49:43 - payment_data_executor - DEBUG - No new payment records found
2026-06-19 14:54:43 - payment_data_executor - DEBUG - No new payment records found
2026-06-19 14:59:43 - payment_data_executor - DEBUG - No new payment records found
2026-06-19 15:04:43 - payment_data_executor - DEBUG - No new payment records found
2026-06-19 15:09:43 - payment_data_executor - DEBUG - No new payment records found
2026-06-19 15:14:43 - payment_data_executor - DEBUG - No new payment records found
2026-06-19 15:19:43 - payment_data_executor - DEBUG - No new payment records found
2026-06-19 15:24:43 - payment_data_executor - DEBUG - No new payment records found
2026-06-19 15:29:43 - payment_data_executor - DEBUG - No new payment records found
2026-06-19 15:34:43 - payment_data_executor - DEBUG - No new payment records found
2026-06-19 15:39:43 - payment_data_executor - DEBUG - No new payment records found
2026-06-19 15:44:43 - payment_data_executor - DEBUG - No new payment records found
2026-06-19 15:49:42 - payment_data_executor - DEBUG - No new payment records found
2026-06-19 15:54:42 - payment_data_executor - DEBUG - No new payment records found
2026-06-19 15:59:42 - payment_data_executor - DEBUG - No new payment records found
2026-06-19 16:04:42 - payment_data_executor - DEBUG - No new payment records found
2026-06-19 16:09:42 - payment_data_executor - DEBUG - No new payment records found
2026-06-19 16:14:42 - payment_data_executor - DEBUG - No new payment records found
2026-06-19 16:19:42 - payment_data_executor - DEBUG - No new payment records found
2026-06-19 16:24:42 - payment_data_executor - DEBUG - No new payment records found
2026-06-19 16:29:42 - payment_data_executor - DEBUG - No new payment records found
2026-06-19 16:34:42 - payment_data_executor - DEBUG - No new payment records found
2026-06-19 16:39:42 - payment_data_executor - DEBUG - No new payment records found
2026-06-19 16:44:42 - payment_data_executor - DEBUG - No new payment records found
2026-06-19 16:49:42 - payment_data_executor - DEBUG - No new payment records found
2026-06-19 16:54:42 - payment_data_executor - DEBUG - No new payment records found
2026-06-19 16:59:42 - payment_data_executor - DEBUG - No new payment records found
2026-06-19 17:04:42 - payment_data_executor - DEBUG - No new payment records found
2026-06-19 17:09:42 - payment_data_executor - DEBUG - No new payment records found
2026-06-19 17:14:42 - payment_data_executor - DEBUG - No new payment records found
2026-06-19 17:19:42 - payment_data_executor - DEBUG - No new payment records found
2026-06-19 17:24:42 - payment_data_executor - DEBUG - No new payment records found
2026-06-19 17:29:42 - payment_data_executor - DEBUG - No new payment records found
2026-06-19 17:34:42 - payment_data_executor - DEBUG - No new payment records found
2026-06-19 17:39:42 - payment_data_executor - DEBUG - No new payment records found
2026-06-19 17:44:42 - payment_data_executor - DEBUG - No new payment records found
2026-06-19 17:49:42 - payment_data_executor - DEBUG - No new payment records found
2026-06-19 17:54:42 - payment_data_executor - DEBUG - No new payment records found
2026-06-19 17:59:42 - payment_data_executor - DEBUG - No new payment records found
2026-06-19 18:04:42 - payment_data_executor - DEBUG - No new payment records found
2026-06-19 18:09:42 - payment_data_executor - DEBUG - No new payment records found
2026-06-19 18:14:42 - payment_data_executor - DEBUG - No new payment records found
2026-06-19 18:19:42 - payment_data_executor - DEBUG - No new payment records found
2026-06-19 18:24:42 - payment_data_executor - DEBUG - No new payment records found
2026-06-19 18:29:42 - payment_data_executor - DEBUG - No new payment records found
2026-06-19 18:34:42 - payment_data_executor - DEBUG - No new payment records found
2026-06-19 18:39:42 - payment_data_executor - DEBUG - No new payment records found
2026-06-19 18:44:42 - payment_data_executor - DEBUG - No new payment records found
2026-06-19 18:49:42 - payment_data_executor - DEBUG - No new payment records found
2026-06-19 18:54:42 - payment_data_executor - DEBUG - No new payment records found
2026-06-19 18:59:42 - payment_data_executor - DEBUG - No new payment records found
2026-06-19 19:04:42 - payment_data_executor - DEBUG - No new payment records found
2026-06-19 19:09:42 - payment_data_executor - DEBUG - No new payment records found
2026-06-19 19:14:42 - payment_data_executor - DEBUG - No new payment records found
2026-06-19 19:19:42 - payment_data_executor - DEBUG - No new payment records found
2026-06-19 19:24:42 - payment_data_executor - DEBUG - No new payment records found
2026-06-19 19:29:42 - payment_data_executor - DEBUG - No new payment records found
2026-06-19 19:34:42 - payment_data_executor - DEBUG - No new payment records found
2026-06-19 19:39:41 - payment_data_executor - DEBUG - No new payment records found
2026-06-19 19:44:41 - payment_data_executor - DEBUG - No new payment records found
2026-06-19 19:49:41 - payment_data_executor - DEBUG - No new payment records found
2026-06-19 19:54:41 - payment_data_executor - DEBUG - No new payment records found
2026-06-19 19:59:41 - payment_data_executor - DEBUG - No new payment records found
2026-06-19 20:04:41 - payment_data_executor - DEBUG - No new payment records found
2026-06-19 20:09:41 - payment_data_executor - DEBUG - No new payment records found
2026-06-19 20:14:41 - payment_data_executor - DEBUG - No new payment records found
2026-06-19 20:19:41 - payment_data_executor - DEBUG - No new payment records found
2026-06-19 20:24:41 - payment_data_executor - DEBUG - No new payment records found
2026-06-19 20:29:41 - payment_data_executor - DEBUG - No new payment records found
2026-06-19 20:34:41 - payment_data_executor - DEBUG - No new payment records found
2026-06-19 20:39:41 - payment_data_executor - DEBUG - No new payment records found
2026-06-19 20:44:41 - payment_data_executor - DEBUG - No new payment records found
2026-06-19 20:49:41 - payment_data_executor - DEBUG - No new payment records found
2026-06-19 20:54:41 - payment_data_executor - DEBUG - No new payment records found
2026-06-19 20:59:41 - payment_data_executor - DEBUG - No new payment records found
2026-06-19 21:04:41 - payment_data_executor - DEBUG - No new payment records found
2026-06-19 21:09:41 - payment_data_executor - DEBUG - No new payment records found
2026-06-19 21:14:41 - payment_data_executor - DEBUG - No new payment records found
2026-06-19 21:19:41 - payment_data_executor - DEBUG - No new payment records found
2026-06-19 21:24:41 - payment_data_executor - DEBUG - No new payment records found
2026-06-19 21:29:41 - payment_data_executor - DEBUG - No new payment records found
2026-06-19 21:34:41 - payment_data_executor - DEBUG - No new payment records found
2026-06-19 21:39:41 - payment_data_executor - DEBUG - No new payment records found
2026-06-19 21:44:41 - payment_data_executor - DEBUG - No new payment records found
2026-06-19 21:49:41 - payment_data_executor - DEBUG - No new payment records found
2026-06-19 21:54:41 - payment_data_executor - DEBUG - No new payment records found
2026-06-19 21:59:41 - payment_data_executor - DEBUG - No new payment records found
2026-06-19 22:04:41 - payment_data_executor - DEBUG - No new payment records found
2026-06-19 22:09:41 - payment_data_executor - DEBUG - No new payment records found
2026-06-19 22:14:41 - payment_data_executor - DEBUG - No new payment records found
2026-06-19 22:19:41 - payment_data_executor - DEBUG - No new payment records found
2026-06-19 22:24:41 - payment_data_executor - DEBUG - No new payment records found
2026-06-19 22:29:41 - payment_data_executor - DEBUG - No new payment records found
2026-06-19 22:34:41 - payment_data_executor - DEBUG - No new payment records found
2026-06-19 22:39:41 - payment_data_executor - DEBUG - No new payment records found
2026-06-19 22:44:41 - payment_data_executor - DEBUG - No new payment records found
2026-06-19 22:49:41 - payment_data_executor - DEBUG - No new payment records found
2026-06-19 22:54:41 - payment_data_executor - DEBUG - No new payment records found
2026-06-19 22:59:41 - payment_data_executor - DEBUG - No new payment records found
2026-06-19 23:04:41 - payment_data_executor - DEBUG - No new payment records found
2026-06-19 23:09:41 - payment_data_executor - DEBUG - No new payment records found
2026-06-19 23:14:40 - payment_data_executor - DEBUG - No new payment records found
2026-06-19 23:19:40 - payment_data_executor - DEBUG - No new payment records found
2026-06-19 23:24:40 - payment_data_executor - DEBUG - No new payment records found
2026-06-19 23:29:40 - payment_data_executor - DEBUG - No new payment records found
2026-06-19 23:34:40 - payment_data_executor - DEBUG - No new payment records found
2026-06-19 23:39:40 - payment_data_executor - DEBUG - No new payment records found
2026-06-19 23:44:40 - payment_data_executor - DEBUG - No new payment records found
2026-06-19 23:49:40 - payment_data_executor - DEBUG - No new payment records found
2026-06-19 23:54:40 - payment_data_executor - DEBUG - No new payment records found
2026-06-19 23:59:40 - payment_data_executor - DEBUG - No new payment records found
2026-06-20 00:04:40 - payment_data_executor - DEBUG - No new payment records found
2026-06-20 00:09:40 - payment_data_executor - DEBUG - No new payment records found
2026-06-20 00:14:40 - payment_data_executor - DEBUG - No new payment records found
2026-06-20 00:19:40 - payment_data_executor - DEBUG - No new payment records found
2026-06-20 00:24:40 - payment_data_executor - DEBUG - No new payment records found
2026-06-20 00:29:40 - payment_data_executor - DEBUG - No new payment records found
2026-06-20 00:34:40 - payment_data_executor - DEBUG - No new payment records found
2026-06-20 00:39:40 - payment_data_executor - DEBUG - No new payment records found
2026-06-20 00:44:40 - payment_data_executor - DEBUG - No new payment records found
2026-06-20 00:49:40 - payment_data_executor - DEBUG - No new payment records found
2026-06-20 00:54:40 - payment_data_executor - DEBUG - No new payment records found
2026-06-20 00:59:40 - payment_data_executor - DEBUG - No new payment records found
2026-06-20 01:04:40 - payment_data_executor - DEBUG - No new payment records found
2026-06-20 01:09:40 - payment_data_executor - DEBUG - No new payment records found
2026-06-20 01:14:40 - payment_data_executor - DEBUG - No new payment records found
2026-06-20 01:19:40 - payment_data_executor - DEBUG - No new payment records found
2026-06-20 01:24:40 - payment_data_executor - DEBUG - No new payment records found
2026-06-20 01:29:40 - payment_data_executor - DEBUG - No new payment records found
2026-06-20 01:34:40 - payment_data_executor - DEBUG - No new payment records found
2026-06-20 01:39:40 - payment_data_executor - DEBUG - No new payment records found
2026-06-20 01:44:40 - payment_data_executor - DEBUG - No new payment records found
2026-06-20 01:49:40 - payment_data_executor - DEBUG - No new payment records found
2026-06-20 01:54:40 - payment_data_executor - DEBUG - No new payment records found
2026-06-20 01:59:40 - payment_data_executor - DEBUG - No new payment records found
2026-06-20 02:04:40 - payment_data_executor - DEBUG - No new payment records found
2026-06-20 02:09:40 - payment_data_executor - DEBUG - No new payment records found
2026-06-20 02:14:40 - payment_data_executor - DEBUG - No new payment records found
2026-06-20 02:19:40 - payment_data_executor - DEBUG - No new payment records found
2026-06-20 02:24:40 - payment_data_executor - DEBUG - No new payment records found
2026-06-20 02:29:40 - payment_data_executor - DEBUG - No new payment records found
2026-06-20 02:34:40 - payment_data_executor - DEBUG - No new payment records found
2026-06-20 02:39:40 - payment_data_executor - DEBUG - No new payment records found
2026-06-20 02:44:40 - payment_data_executor - DEBUG - No new payment records found
2026-06-20 02:49:40 - payment_data_executor - DEBUG - No new payment records found
2026-06-20 02:54:40 - payment_data_executor - DEBUG - No new payment records found
2026-06-20 02:59:40 - payment_data_executor - DEBUG - No new payment records found
2026-06-20 03:04:40 - payment_data_executor - DEBUG - No new payment records found
2026-06-20 03:09:40 - payment_data_executor - DEBUG - No new payment records found
2026-06-20 03:14:40 - payment_data_executor - DEBUG - No new payment records found
2026-06-20 03:19:40 - payment_data_executor - DEBUG - No new payment records found
2026-06-20 03:24:40 - payment_data_executor - DEBUG - No new payment records found
2026-06-20 03:29:40 - payment_data_executor - DEBUG - No new payment records found
2026-06-20 03:34:39 - payment_data_executor - DEBUG - No new payment records found
2026-06-20 03:39:39 - payment_data_executor - DEBUG - No new payment records found
2026-06-20 03:44:39 - payment_data_executor - DEBUG - No new payment records found
2026-06-20 03:49:39 - payment_data_executor - DEBUG - No new payment records found
2026-06-20 03:54:39 - payment_data_executor - DEBUG - No new payment records found
2026-06-20 03:59:39 - payment_data_executor - DEBUG - No new payment records found
2026-06-20 04:04:39 - payment_data_executor - DEBUG - No new payment records found
2026-06-20 04:09:39 - payment_data_executor - DEBUG - No new payment records found
2026-06-20 04:14:39 - payment_data_executor - DEBUG - No new payment records found
2026-06-20 04:19:39 - payment_data_executor - DEBUG - No new payment records found
2026-06-20 04:24:39 - payment_data_executor - DEBUG - No new payment records found
2026-06-20 04:29:39 - payment_data_executor - DEBUG - No new payment records found
2026-06-20 04:34:39 - payment_data_executor - DEBUG - No new payment records found
2026-06-20 04:39:39 - payment_data_executor - DEBUG - No new payment records found
2026-06-20 04:44:39 - payment_data_executor - DEBUG - No new payment records found
2026-06-20 04:49:39 - payment_data_executor - DEBUG - No new payment records found
2026-06-20 04:54:39 - payment_data_executor - DEBUG - No new payment records found
2026-06-20 04:59:39 - payment_data_executor - DEBUG - No new payment records found
2026-06-20 05:04:39 - payment_data_executor - DEBUG - No new payment records found
2026-06-20 05:09:39 - payment_data_executor - DEBUG - No new payment records found
2026-06-20 05:14:39 - payment_data_executor - DEBUG - No new payment records found
2026-06-20 05:19:39 - payment_data_executor - DEBUG - No new payment records found
2026-06-20 05:24:39 - payment_data_executor - DEBUG - No new payment records found
2026-06-20 05:29:39 - payment_data_executor - DEBUG - No new payment records found
2026-06-20 05:34:39 - payment_data_executor - DEBUG - No new payment records found
2026-06-20 05:39:39 - payment_data_executor - DEBUG - No new payment records found
2026-06-20 05:44:39 - payment_data_executor - DEBUG - No new payment records found
2026-06-20 05:49:39 - payment_data_executor - DEBUG - No new payment records found
2026-06-20 05:54:39 - payment_data_executor - DEBUG - No new payment records found
2026-06-20 05:59:39 - payment_data_executor - DEBUG - No new payment records found
2026-06-20 06:04:39 - payment_data_executor - DEBUG - No new payment records found
2026-06-20 06:09:39 - payment_data_executor - DEBUG - No new payment records found
2026-06-20 06:14:39 - payment_data_executor - DEBUG - No new payment records found
2026-06-20 06:19:39 - payment_data_executor - DEBUG - No new payment records found
2026-06-20 06:24:39 - payment_data_executor - DEBUG - No new payment records found
2026-06-20 06:29:39 - payment_data_executor - DEBUG - No new payment records found
2026-06-20 06:34:39 - payment_data_executor - DEBUG - No new payment records found
2026-06-20 06:39:39 - payment_data_executor - DEBUG - No new payment records found
2026-06-20 06:44:39 - payment_data_executor - DEBUG - No new payment records found
2026-06-20 06:49:39 - payment_data_executor - DEBUG - No new payment records found
2026-06-20 06:54:39 - payment_data_executor - DEBUG - No new payment records found
2026-06-20 06:59:39 - payment_data_executor - DEBUG - No new payment records found
2026-06-20 07:04:39 - payment_data_executor - DEBUG - No new payment records found
2026-06-20 07:09:39 - payment_data_executor - DEBUG - No new payment records found
2026-06-20 07:14:39 - payment_data_executor - DEBUG - No new payment records found
2026-06-20 07:19:39 - payment_data_executor - DEBUG - No new payment records found
2026-06-20 07:24:38 - payment_data_executor - DEBUG - No new payment records found
2026-06-20 07:29:38 - payment_data_executor - DEBUG - No new payment records found
2026-06-20 07:34:38 - payment_data_executor - DEBUG - No new payment records found
2026-06-20 07:39:38 - payment_data_executor - DEBUG - No new payment records found
2026-06-20 07:44:38 - payment_data_executor - DEBUG - No new payment records found
2026-06-20 07:49:38 - payment_data_executor - DEBUG - No new payment records found
2026-06-20 07:54:38 - payment_data_executor - DEBUG - No new payment records found
2026-06-20 07:59:38 - payment_data_executor - DEBUG - No new payment records found
2026-06-20 08:04:38 - payment_data_executor - DEBUG - No new payment records found
2026-06-20 08:09:38 - payment_data_executor - DEBUG - No new payment records found
2026-06-20 08:14:38 - payment_data_executor - DEBUG - No new payment records found
2026-06-20 08:19:38 - payment_data_executor - DEBUG - No new payment records found
2026-06-20 08:24:38 - payment_data_executor - DEBUG - No new payment records found
2026-06-20 08:29:38 - payment_data_executor - DEBUG - No new payment records found
2026-06-20 08:34:38 - payment_data_executor - DEBUG - No new payment records found
2026-06-20 08:39:38 - payment_data_executor - DEBUG - No new payment records found
2026-06-20 08:44:38 - payment_data_executor - DEBUG - No new payment records found
2026-06-20 08:49:38 - payment_data_executor - DEBUG - No new payment records found
2026-06-20 08:54:38 - payment_data_executor - DEBUG - No new payment records found
2026-06-20 08:59:38 - payment_data_executor - DEBUG - No new payment records found
2026-06-20 09:04:38 - payment_data_executor - DEBUG - No new payment records found
2026-06-20 09:09:38 - payment_data_executor - DEBUG - No new payment records found
2026-06-20 09:14:38 - payment_data_executor - DEBUG - No new payment records found
2026-06-20 09:19:38 - payment_data_executor - DEBUG - No new payment records found
2026-06-20 09:24:38 - payment_data_executor - DEBUG - No new payment records found
2026-06-20 09:29:38 - payment_data_executor - DEBUG - No new payment records found
2026-06-20 09:34:38 - payment_data_executor - DEBUG - No new payment records found
2026-06-20 09:39:38 - payment_data_executor - DEBUG - No new payment records found
2026-06-20 09:44:38 - payment_data_executor - DEBUG - No new payment records found
2026-06-20 09:49:38 - payment_data_executor - DEBUG - No new payment records found
2026-06-20 09:54:38 - payment_data_executor - DEBUG - No new payment records found
2026-06-20 09:59:38 - payment_data_executor - DEBUG - No new payment records found
2026-06-20 10:04:38 - payment_data_executor - DEBUG - No new payment records found
2026-06-20 10:09:38 - payment_data_executor - DEBUG - No new payment records found
2026-06-20 10:14:38 - payment_data_executor - DEBUG - No new payment records found
2026-06-20 10:19:38 - payment_data_executor - DEBUG - No new payment records found
2026-06-20 10:24:38 - payment_data_executor - DEBUG - No new payment records found
2026-06-20 10:29:38 - payment_data_executor - DEBUG - No new payment records found
2026-06-20 10:34:38 - payment_data_executor - DEBUG - No new payment records found
2026-06-20 10:39:38 - payment_data_executor - DEBUG - No new payment records found
2026-06-20 10:44:38 - payment_data_executor - DEBUG - No new payment records found
2026-06-20 10:49:38 - payment_data_executor - DEBUG - No new payment records found
2026-06-20 10:54:38 - payment_data_executor - DEBUG - No new payment records found
2026-06-20 10:59:38 - payment_data_executor - DEBUG - No new payment records found
2026-06-20 11:04:37 - payment_data_executor - DEBUG - No new payment records found
2026-06-20 11:09:37 - payment_data_executor - DEBUG - No new payment records found
2026-06-20 11:14:37 - payment_data_executor - DEBUG - No new payment records found
2026-06-20 11:19:37 - payment_data_executor - DEBUG - No new payment records found
2026-06-20 11:24:37 - payment_data_executor - DEBUG - No new payment records found
2026-06-20 11:29:37 - payment_data_executor - DEBUG - No new payment records found
2026-06-20 11:34:37 - payment_data_executor - DEBUG - No new payment records found
2026-06-20 11:39:37 - payment_data_executor - DEBUG - No new payment records found
2026-06-20 11:44:37 - payment_data_executor - DEBUG - No new payment records found
2026-06-20 11:49:37 - payment_data_executor - DEBUG - No new payment records found
2026-06-20 11:54:37 - payment_data_executor - DEBUG - No new payment records found
2026-06-20 11:59:37 - payment_data_executor - DEBUG - No new payment records found
2026-06-20 12:04:37 - payment_data_executor - DEBUG - No new payment records found
2026-06-20 12:09:37 - payment_data_executor - DEBUG - No new payment records found
2026-06-20 12:14:37 - payment_data_executor - DEBUG - No new payment records found
2026-06-20 12:19:37 - payment_data_executor - DEBUG - No new payment records found
2026-06-20 12:24:37 - payment_data_executor - DEBUG - No new payment records found
2026-06-20 12:29:37 - payment_data_executor - DEBUG - No new payment records found
2026-06-20 12:34:37 - payment_data_executor - DEBUG - No new payment records found
2026-06-20 12:39:37 - payment_data_executor - DEBUG - No new payment records found
2026-06-20 12:44:37 - payment_data_executor - DEBUG - No new payment records found
2026-06-20 12:49:37 - payment_data_executor - DEBUG - No new payment records found
2026-06-20 12:54:37 - payment_data_executor - DEBUG - No new payment records found
2026-06-20 12:59:37 - payment_data_executor - DEBUG - No new payment records found
2026-06-20 13:04:37 - payment_data_executor - DEBUG - No new payment records found
2026-06-20 13:09:37 - payment_data_executor - DEBUG - No new payment records found
2026-06-20 13:14:37 - payment_data_executor - DEBUG - No new payment records found
2026-06-20 13:19:37 - payment_data_executor - DEBUG - No new payment records found
2026-06-20 13:24:37 - payment_data_executor - DEBUG - No new payment records found
2026-06-20 13:29:37 - payment_data_executor - DEBUG - No new payment records found
2026-06-20 13:34:37 - payment_data_executor - DEBUG - No new payment records found
2026-06-20 13:39:37 - payment_data_executor - DEBUG - No new payment records found
2026-06-20 13:44:37 - payment_data_executor - DEBUG - No new payment records found
2026-06-20 13:49:37 - payment_data_executor - DEBUG - No new payment records found
2026-06-20 13:54:37 - payment_data_executor - DEBUG - No new payment records found
2026-06-20 13:59:37 - payment_data_executor - DEBUG - No new payment records found
2026-06-20 14:04:37 - payment_data_executor - DEBUG - No new payment records found
2026-06-20 14:09:37 - payment_data_executor - DEBUG - No new payment records found
2026-06-20 14:14:37 - payment_data_executor - DEBUG - No new payment records found
2026-06-20 14:19:37 - payment_data_executor - DEBUG - No new payment records found
2026-06-20 14:24:37 - payment_data_executor - DEBUG - No new payment records found
2026-06-20 14:29:37 - payment_data_executor - DEBUG - No new payment records found
2026-06-20 14:34:37 - payment_data_executor - DEBUG - No new payment records found
2026-06-20 14:39:37 - payment_data_executor - DEBUG - No new payment records found
2026-06-20 14:44:37 - payment_data_executor - DEBUG - No new payment records found
2026-06-20 14:49:37 - payment_data_executor - DEBUG - No new payment records found
2026-06-20 14:54:37 - payment_data_executor - DEBUG - No new payment records found
2026-06-20 14:59:37 - payment_data_executor - DEBUG - No new payment records found
2026-06-20 15:04:37 - payment_data_executor - DEBUG - No new payment records found
2026-06-20 15:09:36 - payment_data_executor - DEBUG - No new payment records found
2026-06-20 15:14:36 - payment_data_executor - DEBUG - No new payment records found
2026-06-20 15:19:36 - payment_data_executor - DEBUG - No new payment records found
2026-06-20 15:24:36 - payment_data_executor - DEBUG - No new payment records found
2026-06-20 15:29:36 - payment_data_executor - DEBUG - No new payment records found
2026-06-20 15:34:36 - payment_data_executor - DEBUG - No new payment records found
2026-06-20 15:39:36 - payment_data_executor - DEBUG - No new payment records found
2026-06-20 15:44:36 - payment_data_executor - DEBUG - No new payment records found
2026-06-20 15:49:36 - payment_data_executor - DEBUG - No new payment records found
2026-06-20 15:54:36 - payment_data_executor - DEBUG - No new payment records found
2026-06-20 15:59:36 - payment_data_executor - DEBUG - No new payment records found
2026-06-20 16:04:36 - payment_data_executor - DEBUG - No new payment records found
2026-06-20 16:09:36 - payment_data_executor - DEBUG - No new payment records found
2026-06-20 16:14:36 - payment_data_executor - DEBUG - No new payment records found
2026-06-20 16:19:36 - payment_data_executor - DEBUG - No new payment records found
2026-06-20 16:24:36 - payment_data_executor - DEBUG - No new payment records found
2026-06-20 16:29:36 - payment_data_executor - DEBUG - No new payment records found
2026-06-20 16:34:36 - payment_data_executor - DEBUG - No new payment records found
2026-06-20 16:39:36 - payment_data_executor - DEBUG - No new payment records found
2026-06-20 16:44:36 - payment_data_executor - DEBUG - No new payment records found
2026-06-20 16:49:36 - payment_data_executor - DEBUG - No new payment records found
2026-06-20 16:54:36 - payment_data_executor - DEBUG - No new payment records found
2026-06-20 16:59:36 - payment_data_executor - DEBUG - No new payment records found
2026-06-20 17:04:36 - payment_data_executor - DEBUG - No new payment records found
2026-06-20 17:09:36 - payment_data_executor - DEBUG - No new payment records found
2026-06-20 17:14:36 - payment_data_executor - DEBUG - No new payment records found
2026-06-20 17:19:36 - payment_data_executor - DEBUG - No new payment records found
2026-06-20 17:24:36 - payment_data_executor - DEBUG - No new payment records found
2026-06-20 17:29:36 - payment_data_executor - DEBUG - No new payment records found
2026-06-20 17:34:36 - payment_data_executor - DEBUG - No new payment records found
2026-06-20 17:39:36 - payment_data_executor - DEBUG - No new payment records found
2026-06-20 17:44:36 - payment_data_executor - DEBUG - No new payment records found
2026-06-20 17:49:36 - payment_data_executor - DEBUG - No new payment records found
2026-06-20 17:54:36 - payment_data_executor - DEBUG - No new payment records found
2026-06-20 17:59:36 - payment_data_executor - DEBUG - No new payment records found
2026-06-20 18:04:36 - payment_data_executor - DEBUG - No new payment records found
2026-06-20 18:09:36 - payment_data_executor - DEBUG - No new payment records found
2026-06-20 18:14:36 - payment_data_executor - DEBUG - No new payment records found
2026-06-20 18:19:36 - payment_data_executor - DEBUG - No new payment records found
2026-06-20 18:24:36 - payment_data_executor - DEBUG - No new payment records found
2026-06-20 18:29:36 - payment_data_executor - DEBUG - No new payment records found
2026-06-20 18:34:36 - payment_data_executor - DEBUG - No new payment records found
2026-06-20 18:39:36 - payment_data_executor - DEBUG - No new payment records found
2026-06-20 18:44:36 - payment_data_executor - DEBUG - No new payment records found
2026-06-20 18:49:36 - payment_data_executor - DEBUG - No new payment records found
2026-06-20 18:54:36 - payment_data_executor - DEBUG - No new payment records found
2026-06-20 18:59:36 - payment_data_executor - DEBUG - No new payment records found
2026-06-20 19:04:36 - payment_data_executor - DEBUG - No new payment records found
2026-06-20 19:09:36 - payment_data_executor - DEBUG - No new payment records found
2026-06-20 19:14:36 - payment_data_executor - DEBUG - No new payment records found
2026-06-20 19:19:35 - payment_data_executor - DEBUG - No new payment records found
2026-06-20 19:24:35 - payment_data_executor - DEBUG - No new payment records found
2026-06-20 19:29:35 - payment_data_executor - DEBUG - No new payment records found
2026-06-20 19:34:35 - payment_data_executor - DEBUG - No new payment records found
2026-06-20 19:39:35 - payment_data_executor - DEBUG - No new payment records found
2026-06-20 19:44:35 - payment_data_executor - DEBUG - No new payment records found
2026-06-20 19:49:35 - payment_data_executor - DEBUG - No new payment records found
2026-06-20 19:54:35 - payment_data_executor - DEBUG - No new payment records found
2026-06-20 19:59:35 - payment_data_executor - DEBUG - No new payment records found
2026-06-20 20:04:35 - payment_data_executor - DEBUG - No new payment records found
2026-06-20 20:09:35 - payment_data_executor - DEBUG - No new payment records found
2026-06-20 20:14:35 - payment_data_executor - DEBUG - No new payment records found
2026-06-20 20:19:35 - payment_data_executor - DEBUG - No new payment records found
2026-06-20 20:24:35 - payment_data_executor - DEBUG - No new payment records found
2026-06-20 20:29:35 - payment_data_executor - DEBUG - No new payment records found
2026-06-20 20:34:35 - payment_data_executor - DEBUG - No new payment records found
2026-06-20 20:39:35 - payment_data_executor - DEBUG - No new payment records found
2026-06-20 20:44:35 - payment_data_executor - DEBUG - No new payment records found
2026-06-20 20:49:35 - payment_data_executor - DEBUG - No new payment records found
2026-06-20 20:54:35 - payment_data_executor - DEBUG - No new payment records found
2026-06-20 20:59:35 - payment_data_executor - DEBUG - No new payment records found
2026-06-20 21:04:35 - payment_data_executor - DEBUG - No new payment records found
2026-06-20 21:09:35 - payment_data_executor - DEBUG - No new payment records found
2026-06-20 21:14:35 - payment_data_executor - DEBUG - No new payment records found
2026-06-20 21:19:35 - payment_data_executor - DEBUG - No new payment records found
2026-06-20 21:24:35 - payment_data_executor - DEBUG - No new payment records found
2026-06-20 21:29:35 - payment_data_executor - DEBUG - No new payment records found
2026-06-20 21:34:35 - payment_data_executor - DEBUG - No new payment records found
2026-06-20 21:39:35 - payment_data_executor - DEBUG - No new payment records found
2026-06-20 21:44:35 - payment_data_executor - DEBUG - No new payment records found
2026-06-20 21:49:35 - payment_data_executor - DEBUG - No new payment records found
2026-06-20 21:54:35 - payment_data_executor - DEBUG - No new payment records found
2026-06-20 21:59:35 - payment_data_executor - DEBUG - No new payment records found
2026-06-20 22:04:35 - payment_data_executor - DEBUG - No new payment records found
2026-06-20 22:09:35 - payment_data_executor - DEBUG - No new payment records found
2026-06-20 22:14:35 - payment_data_executor - DEBUG - No new payment records found
2026-06-20 22:19:35 - payment_data_executor - DEBUG - No new payment records found
2026-06-20 22:24:35 - payment_data_executor - DEBUG - No new payment records found
2026-06-20 22:29:34 - payment_data_executor - DEBUG - No new payment records found
2026-06-20 22:34:34 - payment_data_executor - DEBUG - No new payment records found
2026-06-20 22:39:34 - payment_data_executor - DEBUG - No new payment records found
2026-06-20 22:44:34 - payment_data_executor - DEBUG - No new payment records found
2026-06-20 22:49:34 - payment_data_executor - DEBUG - No new payment records found
2026-06-20 22:54:34 - payment_data_executor - DEBUG - No new payment records found
2026-06-20 22:59:34 - payment_data_executor - DEBUG - No new payment records found
2026-06-20 23:04:34 - payment_data_executor - DEBUG - No new payment records found
2026-06-20 23:09:34 - payment_data_executor - DEBUG - No new payment records found
2026-06-20 23:14:34 - payment_data_executor - DEBUG - No new payment records found
2026-06-20 23:19:34 - payment_data_executor - DEBUG - No new payment records found
2026-06-20 23:24:34 - payment_data_executor - DEBUG - No new payment records found
2026-06-20 23:29:34 - payment_data_executor - DEBUG - No new payment records found
2026-06-20 23:34:34 - payment_data_executor - DEBUG - No new payment records found
2026-06-20 23:39:34 - payment_data_executor - DEBUG - No new payment records found
2026-06-20 23:44:34 - payment_data_executor - DEBUG - No new payment records found
2026-06-20 23:49:34 - payment_data_executor - DEBUG - No new payment records found
2026-06-20 23:54:34 - payment_data_executor - DEBUG - No new payment records found
2026-06-20 23:59:34 - payment_data_executor - DEBUG - No new payment records found
2026-06-21 00:04:34 - payment_data_executor - DEBUG - No new payment records found
2026-06-21 00:09:34 - payment_data_executor - DEBUG - No new payment records found
2026-06-21 00:14:34 - payment_data_executor - DEBUG - No new payment records found
2026-06-21 00:19:34 - payment_data_executor - DEBUG - No new payment records found
2026-06-21 00:24:34 - payment_data_executor - DEBUG - No new payment records found
2026-06-21 00:29:34 - payment_data_executor - DEBUG - No new payment records found
2026-06-21 00:34:34 - payment_data_executor - DEBUG - No new payment records found
2026-06-21 00:39:34 - payment_data_executor - DEBUG - No new payment records found
2026-06-21 00:44:34 - payment_data_executor - DEBUG - No new payment records found
2026-06-21 00:49:34 - payment_data_executor - DEBUG - No new payment records found
2026-06-21 00:54:34 - payment_data_executor - DEBUG - No new payment records found
2026-06-21 00:59:34 - payment_data_executor - DEBUG - No new payment records found
2026-06-21 01:04:34 - payment_data_executor - DEBUG - No new payment records found
2026-06-21 01:09:34 - payment_data_executor - DEBUG - No new payment records found
2026-06-21 01:14:34 - payment_data_executor - DEBUG - No new payment records found
2026-06-21 01:19:34 - payment_data_executor - DEBUG - No new payment records found
2026-06-21 01:24:34 - payment_data_executor - DEBUG - No new payment records found
2026-06-21 01:29:34 - payment_data_executor - DEBUG - No new payment records found
2026-06-21 01:34:34 - payment_data_executor - DEBUG - No new payment records found
2026-06-21 01:39:34 - payment_data_executor - DEBUG - No new payment records found
2026-06-21 01:44:34 - payment_data_executor - DEBUG - No new payment records found
2026-06-21 01:49:34 - payment_data_executor - DEBUG - No new payment records found
2026-06-21 01:54:34 - payment_data_executor - DEBUG - No new payment records found
2026-06-21 01:59:33 - payment_data_executor - DEBUG - No new payment records found
2026-06-21 02:04:33 - payment_data_executor - DEBUG - No new payment records found
2026-06-21 02:09:33 - payment_data_executor - DEBUG - No new payment records found
2026-06-21 02:14:33 - payment_data_executor - DEBUG - No new payment records found
2026-06-21 02:19:33 - payment_data_executor - DEBUG - No new payment records found
2026-06-21 02:24:33 - payment_data_executor - DEBUG - No new payment records found
2026-06-21 02:29:33 - payment_data_executor - DEBUG - No new payment records found
2026-06-21 02:34:33 - payment_data_executor - DEBUG - No new payment records found
2026-06-21 02:39:33 - payment_data_executor - DEBUG - No new payment records found
2026-06-21 02:44:33 - payment_data_executor - DEBUG - No new payment records found
2026-06-21 02:49:33 - payment_data_executor - DEBUG - No new payment records found
2026-06-21 02:54:33 - payment_data_executor - DEBUG - No new payment records found
2026-06-21 02:59:33 - payment_data_executor - DEBUG - No new payment records found
2026-06-21 03:04:33 - payment_data_executor - DEBUG - No new payment records found
2026-06-21 03:09:33 - payment_data_executor - DEBUG - No new payment records found
2026-06-21 03:14:33 - payment_data_executor - DEBUG - No new payment records found
2026-06-21 03:19:33 - payment_data_executor - DEBUG - No new payment records found
2026-06-21 03:24:33 - payment_data_executor - DEBUG - No new payment records found
2026-06-21 03:29:33 - payment_data_executor - DEBUG - No new payment records found
2026-06-21 03:34:33 - payment_data_executor - DEBUG - No new payment records found
2026-06-21 03:39:33 - payment_data_executor - DEBUG - No new payment records found
2026-06-21 03:44:33 - payment_data_executor - DEBUG - No new payment records found
2026-06-21 03:49:33 - payment_data_executor - DEBUG - No new payment records found
2026-06-21 03:54:33 - payment_data_executor - DEBUG - No new payment records found
2026-06-21 03:59:33 - payment_data_executor - DEBUG - No new payment records found
2026-06-21 04:04:33 - payment_data_executor - DEBUG - No new payment records found
2026-06-21 04:09:33 - payment_data_executor - DEBUG - No new payment records found
2026-06-21 04:14:33 - payment_data_executor - DEBUG - No new payment records found
2026-06-21 04:19:33 - payment_data_executor - DEBUG - No new payment records found
2026-06-21 04:24:33 - payment_data_executor - DEBUG - No new payment records found
2026-06-21 04:29:33 - payment_data_executor - DEBUG - No new payment records found
2026-06-21 04:34:33 - payment_data_executor - DEBUG - No new payment records found
2026-06-21 04:39:33 - payment_data_executor - DEBUG - No new payment records found
2026-06-21 04:44:33 - payment_data_executor - DEBUG - No new payment records found
2026-06-21 04:49:33 - payment_data_executor - DEBUG - No new payment records found
2026-06-21 04:54:33 - payment_data_executor - DEBUG - No new payment records found
2026-06-21 04:59:33 - payment_data_executor - DEBUG - No new payment records found
2026-06-21 05:04:33 - payment_data_executor - DEBUG - No new payment records found
2026-06-21 05:09:33 - payment_data_executor - DEBUG - No new payment records found
2026-06-21 05:14:33 - payment_data_executor - DEBUG - No new payment records found
2026-06-21 05:19:33 - payment_data_executor - DEBUG - No new payment records found
2026-06-21 05:24:33 - payment_data_executor - DEBUG - No new payment records found
2026-06-21 05:29:33 - payment_data_executor - DEBUG - No new payment records found
2026-06-21 05:34:33 - payment_data_executor - DEBUG - No new payment records found
2026-06-21 05:39:33 - payment_data_executor - DEBUG - No new payment records found
2026-06-21 05:44:32 - payment_data_executor - DEBUG - No new payment records found
2026-06-21 05:49:32 - payment_data_executor - DEBUG - No new payment records found
2026-06-21 05:54:32 - payment_data_executor - DEBUG - No new payment records found
2026-06-21 05:59:32 - payment_data_executor - DEBUG - No new payment records found
2026-06-21 06:04:32 - payment_data_executor - DEBUG - No new payment records found
2026-06-21 06:09:32 - payment_data_executor - DEBUG - No new payment records found
2026-06-21 06:14:32 - payment_data_executor - DEBUG - No new payment records found
2026-06-21 06:19:32 - payment_data_executor - DEBUG - No new payment records found
2026-06-21 06:24:32 - payment_data_executor - DEBUG - No new payment records found
2026-06-21 06:29:32 - payment_data_executor - DEBUG - No new payment records found
2026-06-21 06:34:32 - payment_data_executor - DEBUG - No new payment records found
2026-06-21 06:39:32 - payment_data_executor - DEBUG - No new payment records found
2026-06-21 06:44:32 - payment_data_executor - DEBUG - No new payment records found
2026-06-21 06:49:32 - payment_data_executor - DEBUG - No new payment records found
2026-06-21 06:54:32 - payment_data_executor - DEBUG - No new payment records found
2026-06-21 06:59:32 - payment_data_executor - DEBUG - No new payment records found
2026-06-21 07:04:32 - payment_data_executor - DEBUG - No new payment records found
2026-06-21 07:09:32 - payment_data_executor - DEBUG - No new payment records found
2026-06-21 07:14:32 - payment_data_executor - DEBUG - No new payment records found
2026-06-21 07:19:32 - payment_data_executor - DEBUG - No new payment records found
2026-06-21 07:24:32 - payment_data_executor - DEBUG - No new payment records found
2026-06-21 07:29:32 - payment_data_executor - DEBUG - No new payment records found
2026-06-21 07:34:32 - payment_data_executor - DEBUG - No new payment records found
2026-06-21 07:39:32 - payment_data_executor - DEBUG - No new payment records found
2026-06-21 07:44:32 - payment_data_executor - DEBUG - No new payment records found
2026-06-21 07:49:32 - payment_data_executor - DEBUG - No new payment records found
2026-06-21 07:54:32 - payment_data_executor - DEBUG - No new payment records found
2026-06-21 07:59:32 - payment_data_executor - DEBUG - No new payment records found
2026-06-21 08:04:32 - payment_data_executor - DEBUG - No new payment records found
2026-06-21 08:09:32 - payment_data_executor - DEBUG - No new payment records found
2026-06-21 08:14:32 - payment_data_executor - DEBUG - No new payment records found
2026-06-21 08:19:32 - payment_data_executor - DEBUG - No new payment records found
2026-06-21 08:24:32 - payment_data_executor - DEBUG - No new payment records found
2026-06-21 08:29:32 - payment_data_executor - DEBUG - No new payment records found
2026-06-21 08:34:32 - payment_data_executor - DEBUG - No new payment records found
2026-06-21 08:39:32 - payment_data_executor - DEBUG - No new payment records found
2026-06-21 08:44:32 - payment_data_executor - DEBUG - No new payment records found
2026-06-21 08:49:32 - payment_data_executor - DEBUG - No new payment records found
2026-06-21 08:54:32 - payment_data_executor - DEBUG - No new payment records found
2026-06-21 08:59:32 - payment_data_executor - DEBUG - No new payment records found
2026-06-21 09:04:32 - payment_data_executor - DEBUG - No new payment records found
2026-06-21 09:09:32 - payment_data_executor - DEBUG - No new payment records found
2026-06-21 09:14:32 - payment_data_executor - DEBUG - No new payment records found
2026-06-21 09:19:32 - payment_data_executor - DEBUG - No new payment records found
2026-06-21 09:24:32 - payment_data_executor - DEBUG - No new payment records found
2026-06-21 09:29:32 - payment_data_executor - DEBUG - No new payment records found
2026-06-21 09:34:32 - payment_data_executor - DEBUG - No new payment records found
2026-06-21 09:39:31 - payment_data_executor - DEBUG - No new payment records found
2026-06-21 09:44:31 - payment_data_executor - DEBUG - No new payment records found
2026-06-21 09:49:31 - payment_data_executor - DEBUG - No new payment records found
2026-06-21 09:54:31 - payment_data_executor - DEBUG - No new payment records found
2026-06-21 09:59:31 - payment_data_executor - DEBUG - No new payment records found
2026-06-21 10:04:31 - payment_data_executor - DEBUG - No new payment records found
2026-06-21 10:09:31 - payment_data_executor - DEBUG - No new payment records found
2026-06-21 10:14:31 - payment_data_executor - DEBUG - No new payment records found
2026-06-21 10:19:31 - payment_data_executor - DEBUG - No new payment records found
2026-06-21 10:24:31 - payment_data_executor - DEBUG - No new payment records found
2026-06-21 10:29:31 - payment_data_executor - DEBUG - No new payment records found
2026-06-21 10:34:31 - payment_data_executor - DEBUG - No new payment records found
2026-06-21 10:39:31 - payment_data_executor - DEBUG - No new payment records found
2026-06-21 10:44:31 - payment_data_executor - DEBUG - No new payment records found
2026-06-21 10:49:31 - payment_data_executor - DEBUG - No new payment records found
2026-06-21 10:54:31 - payment_data_executor - DEBUG - No new payment records found
2026-06-21 10:59:31 - payment_data_executor - DEBUG - No new payment records found
2026-06-21 11:04:31 - payment_data_executor - DEBUG - No new payment records found
2026-06-21 11:09:31 - payment_data_executor - DEBUG - No new payment records found
2026-06-21 11:14:31 - payment_data_executor - DEBUG - No new payment records found
2026-06-21 11:19:31 - payment_data_executor - DEBUG - No new payment records found
2026-06-21 11:24:31 - payment_data_executor - DEBUG - No new payment records found
2026-06-21 11:29:31 - payment_data_executor - DEBUG - No new payment records found
2026-06-21 11:34:31 - payment_data_executor - DEBUG - No new payment records found
2026-06-21 11:39:31 - payment_data_executor - DEBUG - No new payment records found
2026-06-21 11:44:31 - payment_data_executor - DEBUG - No new payment records found
2026-06-21 11:49:31 - payment_data_executor - DEBUG - No new payment records found
2026-06-21 11:54:31 - payment_data_executor - DEBUG - No new payment records found
2026-06-21 11:59:31 - payment_data_executor - DEBUG - No new payment records found
2026-06-21 12:04:31 - payment_data_executor - DEBUG - No new payment records found
2026-06-21 12:09:31 - payment_data_executor - DEBUG - No new payment records found
2026-06-21 12:14:31 - payment_data_executor - DEBUG - No new payment records found
2026-06-21 12:19:31 - payment_data_executor - DEBUG - No new payment records found
2026-06-21 12:24:31 - payment_data_executor - DEBUG - No new payment records found
2026-06-21 12:29:31 - payment_data_executor - DEBUG - No new payment records found
2026-06-21 12:34:31 - payment_data_executor - DEBUG - No new payment records found
2026-06-21 12:39:31 - payment_data_executor - DEBUG - No new payment records found
2026-06-21 12:44:31 - payment_data_executor - DEBUG - No new payment records found
2026-06-21 12:49:31 - payment_data_executor - DEBUG - No new payment records found
2026-06-21 12:54:31 - payment_data_executor - DEBUG - No new payment records found
2026-06-21 12:59:31 - payment_data_executor - DEBUG - No new payment records found
2026-06-21 13:04:31 - payment_data_executor - DEBUG - No new payment records found
2026-06-21 13:09:31 - payment_data_executor - DEBUG - No new payment records found
2026-06-21 13:14:31 - payment_data_executor - DEBUG - No new payment records found
2026-06-21 13:19:31 - payment_data_executor - DEBUG - No new payment records found
2026-06-21 13:24:31 - payment_data_executor - DEBUG - No new payment records found
2026-06-21 13:29:31 - payment_data_executor - DEBUG - No new payment records found
2026-06-21 13:34:31 - payment_data_executor - DEBUG - No new payment records found
2026-06-21 13:39:31 - payment_data_executor - DEBUG - No new payment records found
2026-06-21 13:44:31 - payment_data_executor - DEBUG - No new payment records found
2026-06-21 13:49:31 - payment_data_executor - DEBUG - No new payment records found
2026-06-21 13:54:31 - payment_data_executor - DEBUG - No new payment records found
2026-06-21 13:59:31 - payment_data_executor - DEBUG - No new payment records found
2026-06-21 14:04:31 - payment_data_executor - DEBUG - No new payment records found
2026-06-21 14:09:31 - payment_data_executor - DEBUG - No new payment records found
2026-06-21 14:14:31 - payment_data_executor - DEBUG - No new payment records found
2026-06-21 14:19:31 - payment_data_executor - DEBUG - No new payment records found
2026-06-21 14:24:31 - payment_data_executor - DEBUG - No new payment records found
2026-06-21 14:29:31 - payment_data_executor - DEBUG - No new payment records found
2026-06-21 14:34:31 - payment_data_executor - DEBUG - No new payment records found
2026-06-21 14:39:31 - payment_data_executor - DEBUG - No new payment records found
2026-06-21 14:44:31 - payment_data_executor - DEBUG - No new payment records found
2026-06-21 14:49:31 - payment_data_executor - DEBUG - No new payment records found
2026-06-21 14:54:31 - payment_data_executor - DEBUG - No new payment records found
2026-06-21 14:59:31 - payment_data_executor - DEBUG - No new payment records found
2026-06-21 15:04:31 - payment_data_executor - DEBUG - No new payment records found
2026-06-21 15:09:30 - payment_data_executor - DEBUG - No new payment records found
2026-06-21 15:14:30 - payment_data_executor - DEBUG - No new payment records found
2026-06-21 15:19:30 - payment_data_executor - DEBUG - No new payment records found
2026-06-21 15:24:30 - payment_data_executor - DEBUG - No new payment records found
2026-06-21 15:29:30 - payment_data_executor - DEBUG - No new payment records found
2026-06-21 15:34:30 - payment_data_executor - DEBUG - No new payment records found
2026-06-21 15:39:30 - payment_data_executor - DEBUG - No new payment records found
2026-06-21 15:44:30 - payment_data_executor - DEBUG - No new payment records found
2026-06-21 15:49:30 - payment_data_executor - DEBUG - No new payment records found
2026-06-21 15:54:30 - payment_data_executor - DEBUG - No new payment records found
2026-06-21 15:59:30 - payment_data_executor - DEBUG - No new payment records found
2026-06-21 16:04:30 - payment_data_executor - DEBUG - No new payment records found
2026-06-21 16:09:30 - payment_data_executor - DEBUG - No new payment records found
2026-06-21 16:14:30 - payment_data_executor - DEBUG - No new payment records found
2026-06-21 16:19:30 - payment_data_executor - DEBUG - No new payment records found
