2026-06-17 16:23:18 - retry - INFO - 🚀 Retry Service Started...
2026-06-17 16:23:31 - retry - INFO - 📦 Retry batch: 1 messages...
2026-06-17 16:23:31 - retry - ERROR - ULKA Error - ID: 4: 'phone'
2026-06-17 16:23:31 - retry - INFO - ✅ Retry batch complete. Waiting 2 seconds...
2026-06-17 16:23:34 - retry - INFO - 📦 Retry batch: 1 messages...
2026-06-17 16:23:34 - retry - ERROR - ULKA Error - ID: 4: 'phone'
2026-06-17 16:23:34 - retry - ERROR - 🚨 DLQ: 4
2026-06-17 16:23:34 - retry - INFO - ✅ Retry batch complete. Waiting 2 seconds...
2026-06-17 16:23:37 - retry - INFO - 📦 Retry batch: 1 messages...
2026-06-17 16:23:37 - retry - ERROR - ULKA Error - ID: 5: 'phone'
2026-06-17 16:23:37 - retry - INFO - ✅ Retry batch complete. Waiting 2 seconds...
2026-06-17 16:23:40 - retry - INFO - 📦 Retry batch: 1 messages...
2026-06-17 16:23:40 - retry - ERROR - ULKA Error - ID: 5: 'phone'
2026-06-17 16:23:40 - retry - ERROR - 🚨 DLQ: 5
2026-06-17 16:23:40 - retry - INFO - ✅ Retry batch complete. Waiting 2 seconds...
2026-06-17 16:23:48 - retry - INFO - 📦 Retry batch: 1 messages...
2026-06-17 16:23:48 - retry - ERROR - ULKA Error - ID: 6: 'phone'
2026-06-17 16:23:48 - retry - INFO - ✅ Retry batch complete. Waiting 2 seconds...
2026-06-17 16:23:51 - retry - INFO - 📦 Retry batch: 1 messages...
2026-06-17 16:23:51 - retry - ERROR - ULKA Error - ID: 6: 'phone'
2026-06-17 16:23:51 - retry - ERROR - 🚨 DLQ: 6
2026-06-17 16:23:51 - retry - INFO - ✅ Retry batch complete. Waiting 2 seconds...
2026-06-17 16:39:52 - retry - INFO - 🚀 Retry Service Started...
