2026-06-03 12:29:20 - retry - INFO - 🚀 Retry Service Started - Processing failed messages...
2026-06-03 12:32:59 - retry - INFO - 🚀 Retry Service Started - Processing failed messages...
2026-06-03 12:42:33 - retry - INFO - 🚀 Retry Service Started - Processing failed messages...
2026-06-03 12:43:47 - retry - INFO - 🚀 Retry Service Started - Processing failed messages...
2026-06-03 12:59:47 - retry - INFO - 🚀 Retry Service Started - Processing failed messages...
2026-06-03 13:29:59 - retry - INFO - 🚀 Retry Service Started - Processing failed messages...
2026-06-03 13:32:41 - retry - INFO - 🚀 Retry Service Started - Processing failed messages...
2026-06-03 13:36:37 - retry - INFO - 🚀 Retry Service Started - Processing failed messages...
2026-06-03 13:41:26 - retry - INFO - 🚀 Retry Service Started - Processing failed messages...
2026-06-03 13:41:32 - retry - ERROR - Retry service error: Expecting value: line 1 column 1 (char 0)
Traceback (most recent call last):
  File "/app/retry/retry.py", line 67, in <module>
    data = json.loads(msg.value().decode())
           ^^^^^^^^^^^^^^^^^^^^^^^^^^^^^^^^
  File "/usr/local/lib/python3.11/json/__init__.py", line 346, in loads
    return _default_decoder.decode(s)
           ^^^^^^^^^^^^^^^^^^^^^^^^^^
  File "/usr/local/lib/python3.11/json/decoder.py", line 337, in decode
    obj, end = self.raw_decode(s, idx=_w(s, 0).end())
               ^^^^^^^^^^^^^^^^^^^^^^^^^^^^^^^^^^^^^^
  File "/usr/local/lib/python3.11/json/decoder.py", line 355, in raw_decode
    raise JSONDecodeError("Expecting value", s, err.value) from None
json.decoder.JSONDecodeError: Expecting value: line 1 column 1 (char 0)
2026-06-03 15:20:11 - retry - INFO - 🚀 Retry Service Started - Processing failed messages...
2026-06-03 16:41:01 - retry - INFO - 🚀 Retry Service Started - Processing failed messages...
2026-06-03 16:45:48 - retry - INFO - 🚀 Retry Service Started - Processing failed messages...
2026-06-03 16:47:02 - retry - INFO - 🚀 Retry Service Started - Processing failed messages...
2026-06-03 17:02:27 - retry - INFO - 🚀 Retry Service Started - Processing failed messages...
2026-06-03 17:05:56 - retry - INFO - 🚀 Retry Service Started - Processing failed messages...
2026-06-03 17:09:37 - retry - INFO - 🚀 Retry Service Started - Processing failed messages...
