2026-06-02 18:51:20 - producer - INFO - 🔍 Testing Oracle Database Connection...
2026-06-02 18:51:20 - producer - INFO - ✅ Oracle Connection Successful! Server Time: 2026-06-02 18:51:20
2026-06-02 18:51:20 - producer - INFO - Creating Oracle Connection Pool...
2026-06-02 18:51:20 - producer - INFO - 🚀 SMS Producer Started - Polling Oracle Database...
2026-06-02 18:51:20 - producer - INFO - 📊 Found 0 pending messages
2026-06-02 18:51:22 - producer - INFO - 📊 Found 0 pending messages
2026-06-02 18:51:24 - producer - INFO - 📊 Found 0 pending messages
2026-06-02 18:51:26 - producer - INFO - 📊 Found 0 pending messages
2026-06-02 18:51:28 - producer - INFO - 📊 Found 0 pending messages
2026-06-02 18:51:30 - producer - INFO - 📊 Found 0 pending messages
2026-06-02 18:51:32 - producer - INFO - 📊 Found 0 pending messages
2026-06-02 18:51:34 - producer - INFO - 📊 Found 0 pending messages
2026-06-02 18:51:36 - producer - INFO - 📊 Found 0 pending messages
2026-06-02 18:51:38 - producer - INFO - 📊 Found 0 pending messages
2026-06-02 18:51:40 - producer - INFO - 📊 Found 0 pending messages
2026-06-02 18:51:42 - producer - INFO - 📊 Found 0 pending messages
2026-06-02 18:51:44 - producer - INFO - 📊 Found 0 pending messages
2026-06-02 18:51:46 - producer - INFO - 📊 Found 0 pending messages
2026-06-02 18:51:48 - producer - INFO - 📊 Found 0 pending messages
2026-06-02 18:51:50 - producer - INFO - 📊 Found 0 pending messages
2026-06-02 18:51:52 - producer - INFO - 📊 Found 0 pending messages
2026-06-02 18:51:54 - producer - INFO - 📊 Found 0 pending messages
2026-06-02 18:51:56 - producer - INFO - 📊 Found 0 pending messages
2026-06-02 18:51:58 - producer - INFO - 📊 Found 0 pending messages
2026-06-02 18:52:00 - producer - INFO - 📊 Found 0 pending messages
2026-06-02 18:52:02 - producer - INFO - 📊 Found 0 pending messages
